\BOOKMARK [1][-]{section.1}{\376\377\116\247\124\301\151\202\121\265}{}% 1
\BOOKMARK [2][-]{subsection.1.1}{\376\377\116\247\124\301\203\003\126\364\116\016\117\001\116\032\127\372\170\100}{section.1}% 2
\BOOKMARK [2][-]{subsection.1.2}{\376\377\116\247\124\301\172\336\116\211\211\201\175\040}{section.1}% 3
\BOOKMARK [2][-]{subsection.1.3}{\376\377\116\026\165\114\165\037\116\247\116\016\155\210\215\071\151\202\121\265}{section.1}% 4
\BOOKMARK [1][-]{section.2}{\376\377\121\150\164\003\215\070\146\023\151\202\121\265}{}% 5
\BOOKMARK [2][-]{subsection.2.1}{\376\377\215\070\146\023\145\160\143\156\123\343\137\204}{section.2}% 6
\BOOKMARK [2][-]{subsection.2.2}{\376\377\217\333\123\343\136\002\127\072\116\016\116\055\126\375\117\233\176\331}{section.2}% 7
\BOOKMARK [2][-]{subsection.2.3}{\376\377\121\150\164\003\121\372\123\343\162\171\160\271}{section.2}% 8
\BOOKMARK [1][-]{section.3}{\376\377\116\055\126\375\121\372\123\343\116\032\176\351}{}% 9
\BOOKMARK [2][-]{subsection.3.1}{\376\377\121\372\123\343\210\150\163\260}{section.3}% 10
\BOOKMARK [2][-]{subsection.3.2}{\376\377\116\247\124\301\172\336\116\211\122\233}{section.3}% 11
\BOOKMARK [2][-]{subsection.3.3}{\376\377\121\163\172\016\116\016\116\247\124\301\137\122\174\173}{section.3}% 12
\BOOKMARK [1][-]{section.4}{\376\377\136\002\127\072\173\133\220\011}{}% 13
\BOOKMARK [2][-]{subsection.4.1}{\376\377\000I\000T\000C\121\372\123\343\157\134\122\233\150\106\147\266}{section.4}% 14
\BOOKMARK [2][-]{subsection.4.2}{\376\377\143\007\150\007\060\001\123\330\143\142\116\016\147\103\221\315}{section.4}% 15
\BOOKMARK [2][-]{subsection.4.3}{\376\377\000T\000O\000P\000S\000I\000S\143\222\136\217\217\307\172\013}{section.4}% 16
\BOOKMARK [2][-]{subsection.4.4}{\376\377\145\117\141\037\140\047\116\016\220\011\142\351\176\323\213\272}{section.4}% 17
\BOOKMARK [1][-]{section.5}{\376\377\166\356\150\007\136\002\127\072\162\171\160\271}{}% 18
\BOOKMARK [2][-]{subsection.5.1}{\376\377\145\345\147\054}{section.5}% 19
\BOOKMARK [2][-]{subsection.5.2}{\376\377\227\351\126\375}{section.5}% 20
\BOOKMARK [2][-]{subsection.5.3}{\376\377\157\263\131\047\122\051\116\232}{section.5}% 21
\BOOKMARK [2][-]{subsection.5.4}{\376\377\133\143\202\202\140\047\116\016\131\007\215\047\202\202\131\117}{section.5}% 22
\BOOKMARK [2][-]{subsection.5.5}{\376\377\116\367\150\074\133\232\117\115\116\016\123\125\117\115\176\317\155\116\140\047}{section.5}% 23
\BOOKMARK [1][-]{section.6}{\376\377\122\115\146\157\122\006\147\220}{}% 24
\BOOKMARK [2][-]{subsection.6.1}{\376\377\166\356\150\007\136\002\127\072\122\115\146\157}{section.6}% 25
\BOOKMARK [2][-]{subsection.6.2}{\376\377\116\272\124\130\060\001\116\247\124\301\060\001\213\270\123\357\116\016\116\367\150\074}{section.6}% 26
\BOOKMARK [2][-]{subsection.6.3}{\376\377\000R\000C\000E\000P\211\304\122\031\166\204\117\177\165\050}{section.6}% 27
\BOOKMARK [1][-]{section.7}{\376\377\176\323\213\272\116\016\210\114\122\250\133\211\143\222}{}% 28
