+ctex.tpm;tpm/packages;
+ctex-spa-make.tex;tex/generic/ctex;
+ctex-zhmap-mac.tex;tex/generic/ctex/zhmap;
+ctex-zhmap-adobe.tex;tex/generic/ctex/zhmap;
+ctex-spa-macro.tex;tex/generic/ctex;
+ctex-zhmap-fandol.tex;tex/generic/ctex/zhmap;
+ctex-heading-beamer.def;tex/latex/ctex/heading;
+ctex-zhmap-windows.tex;tex/generic/ctex/zhmap;
+ctex-zhmap-hanyi.tex;tex/generic/ctex/zhmap;
+ctex-zhmap-ubuntu.tex;tex/generic/ctex/zhmap;
+ctex-zhmap-founder.tex;tex/generic/ctex/zhmap;
+ctexspa.def;tex/latex/ctex;
+ctex-fontset-hanyi.def;tex/latex/ctex/fontset;
+jt2zhtt.fd;tex/latex/ctex/fd;
+ctxdocstrip.tex;tex/generic/ctex;
+ctexpatch.sty;tex/latex/ctex;
+ctex-zhconv.lua;tex/luatex/ctex;
+ctex-zhconv-index.lua;tex/luatex/ctex;
+ctex-fontset-macold.def;tex/latex/ctex/fontset;
+ctex-cs4size.clo;tex/latex/ctex;
+ctex-c5size.clo;tex/latex/ctex;
+ctex-name-gbk.cfg;tex/latex/ctex/config;
+ctex-heading-article.def;tex/latex/ctex/heading;
+ctexopts.cfg;tex/latex/ctex/config;
+jy2zhsf.fd;tex/latex/ctex/fd;
+ctex-scheme-plain-report.def;tex/latex/ctex/scheme;
+ctex.cfg;tex/latex/ctex/config;
+ctex-scheme-plain-article.def;tex/latex/ctex/scheme;
+ctex-name-utf8.cfg;tex/latex/ctex/config;
+ctexbackend.cfg;tex/latex/ctex/config;
+ctex-fontset-fandol.def;tex/latex/ctex/fontset;
+ctex-scheme-chinese-article.def;tex/latex/ctex/scheme;
+ctex-fontset-macnew.def;tex/latex/ctex/fontset;
+ctex-fontset-adobe.def;tex/latex/ctex/fontset;
+ctex-fontset-mac.def;tex/latex/ctex/fontset;
+ctexrep.cls;tex/latex/ctex;
+ctex-fontset-founder.def;tex/latex/ctex/fontset;
+ctex-scheme-chinese.def;tex/latex/ctex/scheme;
+ctex-fontset-windows.def;tex/latex/ctex/fontset;
+ctexart.cls;tex/latex/ctex;
+c19rm.fd;tex/latex/ctex/fd;
+ctex-fontset-ubuntu.def;tex/latex/ctex/fontset;
+ctexhook.sty;tex/latex/ctex;
+ctexcap.sty;tex/latex/ctex;
+ctxdoc.cls;tex/latex/ctex;
+ctexbook.cls;tex/latex/ctex;
+ctex.sty;tex/latex/ctex;
+ctex-scheme-plain.def;tex/latex/ctex/scheme;
+c70rm.fd;tex/latex/ctex/fd;
+jt2zhsf.fd;tex/latex/ctex/fd;
+ctex-heading-report.def;tex/latex/ctex/heading;
+ctex-engine-xetex.def;tex/latex/ctex/engine;
+ctex-engine-aptex.def;tex/latex/ctex/engine;
+ctex-engine-uptex.def;tex/latex/ctex/engine;
+ctex-engine-luatex.def;tex/latex/ctex/engine;
+ctex-engine-pdftex.def;tex/latex/ctex/engine;
+ctexsize.sty;tex/latex/ctex;
+translator-theorem-dictionary-ChineseUTF8.dict;tex/latex/ctex/dictionary;
+translator-theorem-dictionary-ChineseGBK.dict;tex/latex/ctex/dictionary;
+ctexheading.sty;tex/latex/ctex;
+ctexbeamer.cls;tex/latex/ctex;
+ctex-scheme-plain-book.def;tex/latex/ctex/scheme;
+ctex-scheme-chinese-book.def;tex/latex/ctex/scheme;
+ctex-scheme-chinese-beamer.def;tex/latex/ctex/scheme;
+ctex-scheme-chinese-report.def;tex/latex/ctex/scheme;
+ctex-scheme-plain-beamer.def;tex/latex/ctex/scheme;
+ctex-heading-book.def;tex/latex/ctex/heading;
+jy2zhrm.fd;tex/latex/ctex/fd;
+jy2zhtt.fd;tex/latex/ctex/fd;
+c70sf.fd;tex/latex/ctex/fd;
+c19sf.fd;tex/latex/ctex/fd;
+jt2zhrm.fd;tex/latex/ctex/fd;
+c19tt.fd;tex/latex/ctex/fd;
+c70tt.fd;tex/latex/ctex/fd;
+xecjk.tpm;tpm/packages;
+han-simp.map;fonts/misc/xetex/fontmapping/xecjk;
+han-simp.tec;fonts/misc/xetex/fontmapping/xecjk;
+fullwidth-stop.tec;fonts/misc/xetex/fontmapping/xecjk;
+full-stop.map;fonts/misc/xetex/fontmapping/xecjk;
+han-trad.map;fonts/misc/xetex/fontmapping/xecjk;
+fullwidth-stop.map;fonts/misc/xetex/fontmapping/xecjk;
+full-stop.tec;fonts/misc/xetex/fontmapping/xecjk;
+han-trad.tec;fonts/misc/xetex/fontmapping/xecjk;
+xunicode-addon.sty;tex/xelatex/xecjk;
+xeCJK.cfg;tex/xelatex/xecjk;
+xunicode-extra.def;tex/xelatex/xecjk;
+xeCJKfntef.sty;tex/xelatex/xecjk;
+xeCJK.sty;tex/xelatex/xecjk;
+xeCJK-listings.sty;tex/xelatex/xecjk;
+thaicjk.ldf;tex/latex/cjk/thai;
+cjk.tpm;tpm/packages;
+c63gr.fd;tex/latex/cjk/KS/HLaTeX;
+c37song.fd;tex/latex/cjk/CNS;
+c64jgt.fd;tex/latex/cjk/KS/HLaTeX;
+c36song.fd;tex/latex/cjk/CNS;
+EUC-TW.enc;tex/latex/cjk/CNS;
+EUC-TW.bdg;tex/latex/cjk/CNS;
+UTF8.enc;tex/latex/cjk/UTF8;
+c33song.fd;tex/latex/cjk/CNS;
+c31song.fd;tex/latex/cjk/CNS;
+EUC-TW.chr;tex/latex/cjk/CNS;
+c35song.fd;tex/latex/cjk/CNS;
+c34song.fd;tex/latex/cjk/CNS;
+GB.cpx;tex/latex/cjk/GB;
+c32song.fd;tex/latex/cjk/CNS;
+c64jnv.fd;tex/latex/cjk/KS/HLaTeX;
+SJIS.enc;tex/latex/cjk/SJIS;
+c49song.fd;tex/latex/cjk/SJIS;
+SJIS.chr;tex/latex/cjk/SJIS;
+SJIS.bdg;tex/latex/cjk/SJIS;
+SJISdnp.enc;tex/latex/cjk/SJIS;
+SJIS.cpx;tex/latex/cjk/SJIS;
+c52maru.fdx;tex/latex/cjk/contrib/wadalab;
+SJISdnp.chr;tex/latex/cjk/SJIS;
+SJIS.cap;tex/latex/cjk/SJIS;
+CJKnumb.sty;tex/latex/cjk;
+c90cmss.fd;tex/latex/cjk/thai;
+ja.cpx;tex/latex/cjk/UTF8;
+c90enc.def;tex/latex/cjk/thai;
+c90cmr.fd;tex/latex/cjk/thai;
+c90gar.fd;tex/latex/cjk/thai;
+c90cmtt.fd;tex/latex/cjk/thai;
+c90nrsr.fd;tex/latex/cjk/thai;
+hanja.cap;tex/latex/cjk/KS;
+c65gt.fd;tex/latex/cjk/KS/HLaTeX;
+MULEenc.sty;tex/latex/cjk/mule;
+standard.enc;tex/latex/cjk;
+c63vd.fd;tex/latex/cjk/KS/HLaTeX;
+c61gr.fd;tex/latex/cjk/KS;
+c61hpg.fd;tex/latex/cjk/KS;
+c60gr.fd;tex/latex/cjk/KS;
+c60mj.fd;tex/latex/cjk/KS;
+c60hpg.fd;tex/latex/cjk/KS;
+hanja.cpx;tex/latex/cjk/KS;
+hangul.cap;tex/latex/cjk/KS;
+c42maru.fdx;tex/latex/cjk/contrib/wadalab;
+hangul2.cpx;tex/latex/cjk/KS;
+UTF8.bdg;tex/latex/cjk/UTF8;
+c61gt.fd;tex/latex/cjk/KS;
+c63gt.fd;tex/latex/cjk/KS/HLaTeX;
+c63sh.fd;tex/latex/cjk/KS/HLaTeX;
+c65jsr.fd;tex/latex/cjk/KS/HLaTeX;
+c63jmj.fd;tex/latex/cjk/KS/HLaTeX;
+c65yt.fd;tex/latex/cjk/KS/HLaTeX;
+c64dn.fd;tex/latex/cjk/KS/HLaTeX;
+c64pga.fd;tex/latex/cjk/KS/HLaTeX;
+c65jgt.fd;tex/latex/cjk/KS/HLaTeX;
+c63jsr.fd;tex/latex/cjk/KS/HLaTeX;
+Bg5.enc;tex/latex/cjk/Bg5;
+JIS.cap;tex/latex/cjk/JIS;
+HLaTeX.chr;tex/latex/cjk/KS/HLaTeX;
+c63yt.fd;tex/latex/cjk/KS/HLaTeX;
+c64pn.fd;tex/latex/cjk/KS/HLaTeX;
+c65pg.fd;tex/latex/cjk/KS/HLaTeX;
+c65gs.fd;tex/latex/cjk/KS/HLaTeX;
+c52min.fd;tex/latex/cjk/contrib/wadalab;
+c64ph.fd;tex/latex/cjk/KS/HLaTeX;
+Bg5.cpx;tex/latex/cjk/Bg5;
+c63pn.fd;tex/latex/cjk/KS/HLaTeX;
+c63dn.fd;tex/latex/cjk/KS/HLaTeX;
+pshan.sty;tex/latex/cjk/KS/HLaTeX;
+c63bm.fd;tex/latex/cjk/KS/HLaTeX;
+c63jgt.fd;tex/latex/cjk/KS/HLaTeX;
+c64bm.fd;tex/latex/cjk/KS/HLaTeX;
+c63ph.fd;tex/latex/cjk/KS/HLaTeX;
+c65bm.fd;tex/latex/cjk/KS/HLaTeX;
+c64vd.fd;tex/latex/cjk/KS/HLaTeX;
+c63tz.fd;tex/latex/cjk/KS/HLaTeX;
+c64jmj.fd;tex/latex/cjk/KS/HLaTeX;
+c65gr.fd;tex/latex/cjk/KS/HLaTeX;
+c65mj.fd;tex/latex/cjk/KS/HLaTeX;
+KSHL.enc;tex/latex/cjk/KS/HLaTeX;
+c64yt.fd;tex/latex/cjk/KS/HLaTeX;
+c64pg.fd;tex/latex/cjk/KS/HLaTeX;
+c65pn.fd;tex/latex/cjk/KS/HLaTeX;
+c65dn.fd;tex/latex/cjk/KS/HLaTeX;
+c64tz.fd;tex/latex/cjk/KS/HLaTeX;
+c64mj.fd;tex/latex/cjk/KS/HLaTeX;
+c64gs.fd;tex/latex/cjk/KS/HLaTeX;
+c64sh.fd;tex/latex/cjk/KS/HLaTeX;
+c64gt.fd;tex/latex/cjk/KS/HLaTeX;
+c63pga.fd;tex/latex/cjk/KS/HLaTeX;
+c65ph.fd;tex/latex/cjk/KS/HLaTeX;
+c63pg.fd;tex/latex/cjk/KS/HLaTeX;
+c65vd.fd;tex/latex/cjk/KS/HLaTeX;
+c65tz.fd;tex/latex/cjk/KS/HLaTeX;
+c63jnv.fd;tex/latex/cjk/KS/HLaTeX;
+c65jnv.fd;tex/latex/cjk/KS/HLaTeX;
+c65pga.fd;tex/latex/cjk/KS/HLaTeX;
+c42goth.fdx;tex/latex/cjk/contrib/wadalab;
+c64gr.fd;tex/latex/cjk/KS/HLaTeX;
+c64jsr.fd;tex/latex/cjk/KS/HLaTeX;
+c65sh.fd;tex/latex/cjk/KS/HLaTeX;
+c63gs.fd;tex/latex/cjk/KS/HLaTeX;
+c70bkai.fdx;tex/latex/cjk/UTF8;
+c63mj.fd;tex/latex/cjk/KS/HLaTeX;
+c60hgt.fd;tex/latex/cjk/KS;
+c65jmj.fd;tex/latex/cjk/KS/HLaTeX;
+c60gs.fd;tex/latex/cjk/KS;
+KS.chr;tex/latex/cjk/KS;
+c61hol.fd;tex/latex/cjk/KS;
+c61hmj.fd;tex/latex/cjk/KS;
+c60dr.fd;tex/latex/cjk/KS;
+c60hmj.fd;tex/latex/cjk/KS;
+Bg5.cap;tex/latex/cjk/Bg5;
+c42song.fd;tex/latex/cjk/JIS;
+hangul.cpx;tex/latex/cjk/KS;
+c62song.fd;tex/latex/cjk/KS;
+c61dr.fd;tex/latex/cjk/KS;
+hangul2.cap;tex/latex/cjk/KS;
+c40song.fd;tex/latex/cjk/JIS;
+c60hol.fd;tex/latex/cjk/KS;
+KS.enc;tex/latex/cjk/KS;
+c70mj.fdx;tex/latex/cjk/UTF8;
+c61gs.fd;tex/latex/cjk/KS;
+c00bkai.fd;tex/latex/cjk/Bg5;
+c60gt.fd;tex/latex/cjk/KS;
+c61hgt.fd;tex/latex/cjk/KS;
+c61mj.fd;tex/latex/cjk/KS;
+pinyin.sty;tex/latex/cjk;
+c50song.fd;tex/latex/cjk/JIS;
+CJK.enc;tex/latex/cjk;
+c80song.fd;tex/latex/cjk/CEF;
+c81song.fd;tex/latex/cjk/CEF;
+CJKfntef.sty;tex/latex/cjk;
+c00bkai.fdx;tex/latex/cjk/Bg5;
+CJKutf8.sty;tex/latex/cjk;
+ko-Hang2.cpx;tex/latex/cjk/UTF8;
+c52maru.fd;tex/latex/cjk/contrib/wadalab;
+c70maru.fd;tex/latex/cjk/contrib/wadalab;
+c42min.fd;tex/latex/cjk/contrib/wadalab;
+c70maru.fdx;tex/latex/cjk/contrib/wadalab;
+c52min.fdx;tex/latex/cjk/contrib/wadalab;
+c42min.fdx;tex/latex/cjk/contrib/wadalab;
+c70min.fdx;tex/latex/cjk/contrib/wadalab;
+c70min.fd;tex/latex/cjk/contrib/wadalab;
+c42maru.fd;tex/latex/cjk/contrib/wadalab;
+c70goth.fdx;tex/latex/cjk/contrib/wadalab;
+c70goth.fd;tex/latex/cjk/contrib/wadalab;
+c42goth.fd;tex/latex/cjk/contrib/wadalab;
+CJKspace.sty;tex/latex/cjk;
+pmC.chr;tex/latex/cjk;
+extended.chr;tex/latex/cjk;
+c00kai.fd;tex/latex/cjk/Bg5;
+CJKvert.sty;tex/latex/cjk;
+JIS.cpx;tex/latex/cjk/JIS;
+c41song.fd;tex/latex/cjk/JIS;
+EUC-JP.bdg;tex/latex/cjk/JIS;
+EUC-JP.chr;tex/latex/cjk/JIS;
+JISdnp.enc;tex/latex/cjk/JIS;
+c43song.fd;tex/latex/cjk/JIS;
+EUC-JP.enc;tex/latex/cjk/JIS;
+EUC-JPdnp.enc;tex/latex/cjk/JIS;
+ruby.sty;tex/latex/cjk;
+CJKulem.sty;tex/latex/cjk;
+pmCsmall.enc;tex/latex/cjk;
+pmCbig.enc;tex/latex/cjk;
+CJK.sty;tex/latex/cjk;
+standard.bdg;tex/latex/cjk;
+c70bkai.fd;tex/latex/cjk/UTF8;
+zh-Hans.cpx;tex/latex/cjk/UTF8;
+c70gkai.fdx;tex/latex/cjk/UTF8;
+c70gkai.fd;tex/latex/cjk/UTF8;
+c70gbsn.fdx;tex/latex/cjk/UTF8;
+c70song.fd;tex/latex/cjk/UTF8;
+zh-Hant.cpx;tex/latex/cjk/UTF8;
+c70gbsn.fd;tex/latex/cjk/UTF8;
+c70mj.fd;tex/latex/cjk/UTF8;
+c10gbsn.fd;tex/latex/cjk/GB;
+UTF8.chr;tex/latex/cjk/UTF8;
+ko-Hang.cpx;tex/latex/cjk/UTF8;
+c70bsmi.fdx;tex/latex/cjk/UTF8;
+c70bsmi.fd;tex/latex/cjk/UTF8;
+ko-Hani.cpx;tex/latex/cjk/UTF8;
+c00song.fd;tex/latex/cjk/Bg5;
+pinyin.ldf;tex/latex/cjk/utils/pyhyphen;
+standard.chr;tex/latex/cjk;
+extended.enc;tex/latex/cjk;
+c00kair.fd;tex/latex/cjk/Bg5;
+Bg5.chr;tex/latex/cjk/Bg5;
+GB.cap;tex/latex/cjk/GB;
+c00bsmir.fdx;tex/latex/cjk/Bg5;
+HK.enc;tex/latex/cjk/Bg5;
+c09song.fd;tex/latex/cjk/Bg5;
+c00fs.fd;tex/latex/cjk/Bg5;
+c00bsmi.fd;tex/latex/cjk/Bg5;
+c00bsmir.fd;tex/latex/cjk/Bg5;
+c00kair.fdx;tex/latex/cjk/Bg5;
+c01song.fd;tex/latex/cjk/Bg5;
+c05song.fd;tex/latex/cjk/Bg5;
+c00bsmi.fdx;tex/latex/cjk/Bg5;
+c00cns.fd;tex/latex/cjk/Bg5;
+c19song.fd;tex/latex/cjk/GB;
+c11song.fd;tex/latex/cjk/GB;
+c10song.fd;tex/latex/cjk/GB;
+c20song.fd;tex/latex/cjk/GB;
+c10gbsn.fdx;tex/latex/cjk/GB;
+c21song.fd;tex/latex/cjk/GB;
+c10gkai.fd;tex/latex/cjk/GB;
+c10gkai.fdx;tex/latex/cjk/GB;
+c10fs.fd;tex/latex/cjk/GB;
+zhnumber-big5.cfg;tex/latex/zhnumber;
+zhnumber-gbk.cfg;tex/latex/zhnumber;
+zhnumber-utf8.cfg;tex/latex/zhnumber;
+zhnumber.sty;tex/latex/zhnumber;
+zhnumber.tpm;tpm/packages;
+geometry.tpm;tpm/packages;
+geometry.cfg;tex/latex/geometry;
+geometry.sty;tex/latex/geometry;
+booktabs.pdf;doc/latex/booktabs;
+README;doc/latex/booktabs;
+booktabs-src.tar.xz;source;
+booktabs.sty;tex/latex/booktabs;
+booktabs.tpm;tpm/packages;
+kvsetkeys.sty;tex/latex/kvsetkeys;
+kvsetkeys.tpm;tpm/packages;
+kvdefinekeys.pdf;doc/latex/kvdefinekeys;
+README.md;doc/latex/kvdefinekeys;
+kvdefinekeys-src.tar.xz;source;
+kvdefinekeys.sty;tex/generic/kvdefinekeys;
+kvdefinekeys.tpm;tpm/packages;
+pdfescape.pdf;doc/latex/pdfescape;
+README.md;doc/latex/pdfescape;
+pdfescape-src.tar.xz;source;
+pdfescape.sty;tex/generic/pdfescape;
+pdfescape.tpm;tpm/packages;
+ltxcmds.tpm;tpm/packages;
+ltxcmds.sty;tex/generic/ltxcmds;
+infwarerr.pdf;doc/latex/infwarerr;
+README.md;doc/latex/infwarerr;
+infwarerr-src.tar.xz;source;
+infwarerr.sty;tex/generic/infwarerr;
+infwarerr.tpm;tpm/packages;
+hycolor.pdf;doc/latex/hycolor;
+README.md;doc/latex/hycolor;
+hycolor-src.tar.xz;source;
+hycolor.sty;tex/latex/hycolor;
+xcolor-patch.sty;tex/latex/hycolor;
+hycolor.tpm;tpm/packages;
+refcount-src.tar.xz;source;
+README.md;doc/latex/refcount;
+refcount.pdf;doc/latex/refcount;
+refcount.sty;tex/latex/refcount;
+refcount.tpm;tpm/packages;
+gettitlestring-src.tar.xz;source;
+gettitlestring.pdf;doc/latex/gettitlestring;
+README.md;doc/latex/gettitlestring;
+gettitlestring.sty;tex/generic/gettitlestring;
+gettitlestring.tpm;tpm/packages;
+kvoptions.tpm;tpm/packages;
+kvoptions.sty;tex/latex/kvoptions;
+example-mycolorsetup.sty;tex/latex/kvoptions;
+kvoptions-patch.sty;tex/latex/kvoptions;
+se-iso-8859-11.def;tex/generic/stringenc;
+se-cp1250.def;tex/generic/stringenc;
+se-iso-8859-2.def;tex/generic/stringenc;
+README.md;doc/latex/stringenc;
+stringenc.pdf;doc/latex/stringenc;
+se-nextstep.def;tex/generic/stringenc;
+se-iso-8859-8.def;tex/generic/stringenc;
+se-ascii-print.def;tex/generic/stringenc;
+se-clean7bit.def;tex/generic/stringenc;
+stringenc-src.tar.xz;source;
+se-ascii.def;tex/generic/stringenc;
+se-iso-8859-10.def;tex/generic/stringenc;
+se-cp1251.def;tex/generic/stringenc;
+se-iso-8859-13.def;tex/generic/stringenc;
+se-cp1252.def;tex/generic/stringenc;
+se-iso-8859-16.def;tex/generic/stringenc;
+se-cp1257.def;tex/generic/stringenc;
+se-cp437.def;tex/generic/stringenc;
+se-cp850.def;tex/generic/stringenc;
+se-cp852.def;tex/generic/stringenc;
+stringenc.sty;tex/generic/stringenc;
+se-cp855.def;tex/generic/stringenc;
+stringenc.tpm;tpm/packages;
+se-cp865.def;tex/generic/stringenc;
+se-cp858.def;tex/generic/stringenc;
+se-cp866.def;tex/generic/stringenc;
+se-dec-mcs.def;tex/generic/stringenc;
+se-iso-8859-1.def;tex/generic/stringenc;
+se-iso-8859-14.def;tex/generic/stringenc;
+se-iso-8859-15.def;tex/generic/stringenc;
+se-iso-8859-3.def;tex/generic/stringenc;
+se-iso-8859-4.def;tex/generic/stringenc;
+se-iso-8859-5.def;tex/generic/stringenc;
+se-utf32le.def;tex/generic/stringenc;
+se-iso-8859-6.def;tex/generic/stringenc;
+se-iso-8859-7.def;tex/generic/stringenc;
+se-iso-8859-9.def;tex/generic/stringenc;
+se-koi8-r.def;tex/generic/stringenc;
+se-mac-roman.def;tex/generic/stringenc;
+se-mac-centeuro.def;tex/generic/stringenc;
+se-mac-cyrillic.def;tex/generic/stringenc;
+se-pdfdoc.def;tex/generic/stringenc;
+se-utf16le.def;tex/generic/stringenc;
+se-utf32be.def;tex/generic/stringenc;
+se-utf8.def;tex/generic/stringenc;
+intcalc.pdf;doc/latex/intcalc;
+README.md;doc/latex/intcalc;
+intcalc-src.tar.xz;source;
+intcalc.sty;tex/generic/intcalc;
+intcalc.tpm;tpm/packages;
+bitset.pdf;doc/latex/bitset;
+README.md;doc/latex/bitset;
+bitset-src.tar.xz;source;
+bitset.sty;tex/generic/bitset;
+bitset.tpm;tpm/packages;
+bigintcalc.pdf;doc/latex/bigintcalc;
+README.md;doc/latex/bigintcalc;
+bigintcalc-src.tar.xz;source;
+bigintcalc.sty;tex/generic/bigintcalc;
+bigintcalc.tpm;tpm/packages;
+rerunfilecheck.tpm;tpm/packages;
+rerunfilecheck.sty;tex/latex/rerunfilecheck;
+uniquecounter-example.tex;doc/latex/uniquecounter;
+README.md;doc/latex/uniquecounter;
+uniquecounter.pdf;doc/latex/uniquecounter;
+uniquecounter-src.tar.xz;source;
+uniquecounter.sty;tex/generic/uniquecounter;
+uniquecounter.tpm;tpm/packages;
+enumitem.tpm;tpm/packages;
+enumitem.sty;tex/latex/enumitem;
+endnotes.pdf;doc/latex/endnotes;
+README.md;doc/latex/endnotes;
+endnotes-src.tar.xz;source;
+endnotes.sty;tex/latex/endnotes;
+endnotes.tpm;tpm/packages;
+float.pdf;doc/latex/float;
+README;doc/latex/float;
+float-src.tar.xz;source;
+float.sty;tex/latex/float;
+float.tpm;tpm/packages;
