0 verbose cli C:\Program Files\nodejs\node.exe C:\Program Files\nodejs\node_modules\npm\bin\npm-cli.js
1 info using npm@11.9.0
2 info using node@v24.14.0
3 silly config load:file:C:\Program Files\nodejs\node_modules\npm\npmrc
4 silly config load:file:C:\Users\99097\Documents\GitHub\RCEP\.npmrc
5 silly config load:file:C:\Users\99097\.npmrc
6 silly config load:file:C:\Users\99097\AppData\Roaming\npm\etc\npmrc
7 verbose title npm exec @marp-team/marp-cli --version
8 verbose argv "exec" "--yes" "--" "@marp-team/marp-cli" "--version"
9 verbose logfile logs-max:10 dir:C:\Users\99097\Documents\GitHub\RCEP\.npm-cache\_logs\2026-09-14T03_38_08_901Z-
10 verbose logfile C:\Users\99097\Documents\GitHub\RCEP\.npm-cache\_logs\2026-09-14T03_38_08_901Z-debug-0.log
11 silly logfile done cleaning log files
12 silly packumentCache heap:4496293888 maxSize:1124073472 maxEntrySize:562036736
13 http fetch GET 200 https://registry.npmjs.org/@marp-team%2fmarp-cli 977ms (cache miss)
14 silly packumentCache heap:4496293888 maxSize:1124073472 maxEntrySize:562036736
15 http fetch GET 200 https://registry.npmjs.org/npm 1101ms
16 verbose cwd C:\Users\99097\Documents\GitHub\RCEP
17 verbose os Windows_NT 10.0.26200
18 verbose node v24.14.0
19 verbose npm  v11.9.0
20 notice
20 notice New minor version of npm available! 11.9.0 -> 11.19.1
20 notice Changelog: https://github.com/npm/cli/releases/tag/v11.19.1
20 notice To update run: npm install -g npm@11.19.1
20 notice  { force: true, Symbol(proc-log.meta): true }
21 verbose exit 0
22 info ok
