2026-09-06 01:27:36,627+0800 INFO  miktex - this is One MiKTeX Utility 1.12 (MiKTeX 26.5 Portable)
2026-09-06 01:27:36,628+0800 INFO  miktex - this process (3796) started by miktexsetup_standalone in directory C:\Users\99097\Documents\GitHub\RCEP with command line: miktex --disable-installer --verbose fndb remove
2026-09-06 01:27:36,628+0800 INFO  miktex - Removing C:\Users\99097\Documents\GitHub\RCEP\.tools\miktex\texmfs\config\miktex\data\le\texmf.fndb-5...
2026-09-06 01:27:36,628+0800 ERROR miktex.core - 系统找不到指定的路径。

2026-09-06 01:27:36,628+0800 ERROR miktex.core - Function: GetFileAttributesW
2026-09-06 01:27:36,628+0800 ERROR miktex.core - Result: 3
2026-09-06 01:27:36,628+0800 ERROR miktex.core - Data: path="C:\Users\99097\Documents\GitHub\RCEP\.tools\miktex\texmfs/config\miktex/data/le\texmf.fndb-5"
2026-09-06 01:27:36,629+0800 ERROR miktex.core - Source: Libraries\MiKTeX\Core\File\win\winFile.cpp:132
2026-09-06 01:27:36,630+0800 FATAL miktex - Windows API error 3: 系统找不到指定的路径。

2026-09-06 01:27:36,630+0800 FATAL miktex - Info: path="C:\Users\99097\Documents\GitHub\RCEP\.tools\miktex\texmfs/config\miktex/data/le\texmf.fndb-5"
2026-09-06 01:27:36,630+0800 FATAL miktex - Source: Libraries\MiKTeX\Core\File\win\winFile.cpp
2026-09-06 01:27:36,630+0800 FATAL miktex - Line: 132
2026-09-06 01:27:36,631+0800 INFO  miktex - this process (3796) finishes with exit code 1
2026-09-06 01:27:37,163+0800 INFO  miktex - this is One MiKTeX Utility 1.12 (MiKTeX 26.5 Portable)
2026-09-06 01:27:37,163+0800 INFO  miktex - this process (11728) started by miktexsetup_standalone in directory C:\Users\99097\Documents\GitHub\RCEP with command line: miktex --disable-installer --verbose fndb refresh
2026-09-06 01:27:37,163+0800 INFO  miktex - Creating FNDB for common root directory (C:\Users\99097\Documents\GitHub\RCEP\.tools\miktex\texmfs\config)...
2026-09-06 01:27:37,179+0800 INFO  miktex - Creating FNDB for common root directory (C:\Users\99097\Documents\GitHub\RCEP\.tools\miktex\texmfs\data)...
2026-09-06 01:27:37,187+0800 INFO  miktex - Creating FNDB for common root directory (C:\Users\99097\Documents\GitHub\RCEP\.tools\miktex\texmfs\install)...
2026-09-06 01:27:38,568+0800 WARN  miktex.packagemanager - dependency problem: ms is required by _miktex-latex-packages
2026-09-06 01:27:38,568+0800 WARN  miktex.packagemanager - dependency problem: showframe is required by _miktex-latex-packages
2026-09-06 01:27:38,568+0800 WARN  miktex.packagemanager - dependency problem: thailatex is required by _miktex-latex-packages
2026-09-06 01:27:38,569+0800 WARN  miktex.packagemanager - dependency problem: luxi is required by _miktex-fonts-type1
2026-09-06 01:27:38,613+0800 INFO  miktex - Refreshing FNDB for MPM...
2026-09-06 01:27:39,861+0800 INFO  miktex - this process (11728) finishes with exit code 0
2026-09-06 01:27:40,084+0800 INFO  miktex - this is One MiKTeX Utility 1.12 (MiKTeX 26.5 Portable)
2026-09-06 01:27:40,084+0800 INFO  miktex - this process (22132) started by miktexsetup_standalone in directory C:\Users\99097\Documents\GitHub\RCEP with command line: miktex --disable-installer --verbose links install --force
2026-09-06 01:27:40,084+0800 INFO  miktex - Installing links in target directory C:\Users\99097\Documents\GitHub\RCEP\.tools\miktex\texmfs\install\miktex\bin\x64...
2026-09-06 01:27:40,091+0800 WARN  miktex - C:\Users\99097\Documents\GitHub\RCEP\.tools\miktex\texmfs\install\miktex/bin/x64\miktex-eptex.exe: the link target does not exist
2026-09-06 01:27:40,110+0800 WARN  miktex - eptex: engine 'eptex' not found
2026-09-06 01:27:40,112+0800 WARN  miktex - platex: engine 'eptex' not found
2026-09-06 01:27:40,112+0800 WARN  miktex - platex-dev: engine 'eptex' not found
2026-09-06 01:27:41,344+0800 INFO  miktex - this process (22132) finishes with exit code 0
2026-09-06 01:27:41,573+0800 INFO  miktex - this is One MiKTeX Utility 1.12 (MiKTeX 26.5 Portable)
2026-09-06 01:27:41,573+0800 INFO  miktex - this process (12408) started by miktexsetup_standalone in directory C:\Users\99097\Documents\GitHub\RCEP with command line: miktex --disable-installer --verbose fontmaps configure
2026-09-06 01:27:41,574+0800 INFO  miktex - Parsing configuration file C:\Users\99097\Documents\GitHub\RCEP\.tools\miktex\texmfs\install\miktex/config\updmap.cfg...
2026-09-06 01:27:41,671+0800 INFO  miktex - Writing C:\Users\99097\Documents\GitHub\RCEP\.tools\miktex\texmfs/data\fonts\map\dvipdfmx\kanjix.map...
2026-09-06 01:27:41,675+0800 INFO  miktex - Writing C:\Users\99097\Documents\GitHub\RCEP\.tools\miktex\texmfs/data\fonts\map\dvips\builtin35.map...
2026-09-06 01:27:41,683+0800 INFO  miktex - Writing C:\Users\99097\Documents\GitHub\RCEP\.tools\miktex\texmfs/data\fonts\map\dvips\download35.map...
2026-09-06 01:27:41,688+0800 INFO  miktex - Writing C:\Users\99097\Documents\GitHub\RCEP\.tools\miktex\texmfs/data\fonts\map\dvips\ps2pk.map...
2026-09-06 01:27:41,702+0800 INFO  miktex - Writing C:\Users\99097\Documents\GitHub\RCEP\.tools\miktex\texmfs/data\fonts\map\dvips\psfonts_pk.map...
2026-09-06 01:27:41,715+0800 INFO  miktex - Writing C:\Users\99097\Documents\GitHub\RCEP\.tools\miktex\texmfs/data\fonts\map\dvips\psfonts_t1.map...
2026-09-06 01:27:41,726+0800 INFO  miktex - Writing C:\Users\99097\Documents\GitHub\RCEP\.tools\miktex\texmfs/data\fonts\map\pdftex\pdftex_dl14.map...
2026-09-06 01:27:41,741+0800 INFO  miktex - Writing C:\Users\99097\Documents\GitHub\RCEP\.tools\miktex\texmfs/data\fonts\map\pdftex\pdftex_ndl14.map...
2026-09-06 01:27:41,752+0800 INFO  miktex - Copying C:\Users\99097\Documents\GitHub\RCEP\.tools\miktex\texmfs/data\fonts\map\dvips\psfonts_t1.map
2026-09-06 01:27:41,753+0800 INFO  miktex -      to C:\Users\99097\Documents\GitHub\RCEP\.tools\miktex\texmfs/data\fonts\map\dvips\psfonts.map...
2026-09-06 01:27:41,757+0800 INFO  miktex - Copying C:\Users\99097\Documents\GitHub\RCEP\.tools\miktex\texmfs/data\fonts\map\pdftex\pdftex_dl14.map
2026-09-06 01:27:41,757+0800 INFO  miktex -      to C:\Users\99097\Documents\GitHub\RCEP\.tools\miktex\texmfs/data\fonts\map\pdftex\pdftex.map...
2026-09-06 01:27:41,769+0800 INFO  miktex - running: miktex-fc-cache --verbose --miktex-disable-maintenance --miktex-disable-diagnose
2026-09-06 01:27:41,769+0800 INFO  miktex.core - start process: miktex-fc-cache --verbose --miktex-disable-maintenance --miktex-disable-diagnose
2026-09-06 01:27:45,696+0800 INFO  miktex - C:/Users/99097/AppData/Local/Microsoft/Windows/Fonts: skipping, existing cache is valid: 3 fonts, 0 dirs
2026-09-06 01:27:45,697+0800 INFO  miktex - C:/Windows/Fonts: skipping, existing cache is valid: 1092 fonts, 0 dirs
2026-09-06 01:27:45,699+0800 INFO  miktex - C:/Users/99097/Documents/GitHub/RCEP/.tools/miktex/texmfs/install/fonts/opentype: skipping, existing cache is valid: 0 fonts, 1 dirs
2026-09-06 01:27:45,701+0800 INFO  miktex - C:/Users/99097/Documents/GitHub/RCEP/.tools/miktex/texmfs/install/fonts/opentype/public: skipping, existing cache is valid: 0 fonts, 1 dirs
2026-09-06 01:27:45,703+0800 INFO  miktex - C:/Users/99097/Documents/GitHub/RCEP/.tools/miktex/texmfs/install/fonts/opentype/public/lm: skipping, existing cache is valid: 72 fonts, 0 dirs
2026-09-06 01:27:45,703+0800 INFO  miktex - C:/Users/99097/.local/share/fonts: skipping, no such directory
2026-09-06 01:27:45,704+0800 INFO  miktex - C:/Users/99097/.fonts: skipping, no such directory
2026-09-06 01:27:45,704+0800 INFO  miktex - C:/Users/99097/Documents/GitHub/RCEP/.tools/miktex/texmfs/install/fonts/opentype/public: skipping, looped directory detected
2026-09-06 01:27:45,762+0800 INFO  miktex - C:/Users/99097/Documents/GitHub/RCEP/.tools/miktex/texmfs/install/fonts/opentype/public/lm: skipping, looped directory detected
2026-09-06 01:27:45,762+0800 INFO  miktex - C:/Users/99097/Documents/GitHub/RCEP/.tools/miktex/texmfs/data/fontconfig/cache: cleaning cache directory
2026-09-06 01:27:45,762+0800 INFO  miktex - C:/Users/99097/.cache/fontconfig: not cleaning non-existent cache directory
2026-09-06 01:27:45,764+0800 INFO  miktex - C:/Users/99097/.fontconfig: not cleaning non-existent cache directory
2026-09-06 01:27:45,764+0800 INFO  miktex - miktex-fc-cache: succeeded
2026-09-06 01:27:45,768+0800 WARN  miktex.core - still open: C:\Users\99097\Documents\GitHub\RCEP\.tools\miktex\texmfs\install\fontconfig/config\fonts.conf.in
2026-09-06 01:27:45,768+0800 WARN  miktex.core - still open: C:\Users\99097\Documents\GitHub\RCEP\.tools\miktex\texmfs/config\fontconfig\config\fonts.conf
2026-09-06 01:27:45,768+0800 INFO  miktex - this process (12408) finishes with exit code 0
2026-09-06 01:27:45,993+0800 INFO  miktex - this is One MiKTeX Utility 1.12 (MiKTeX 26.5 Portable)
2026-09-06 01:27:45,994+0800 INFO  miktex - this process (10092) started by miktexsetup_standalone in directory C:\Users\99097\Documents\GitHub\RCEP with command line: miktex --disable-installer --verbose languages configure
2026-09-06 01:27:45,994+0800 INFO  miktex - Creating language.dat, language.dat.lua and language.def...
2026-09-06 01:27:46,100+0800 INFO  miktex - this process (10092) finishes with exit code 0
2026-09-06 01:27:46,906+0800 INFO  miktex - this is One MiKTeX Utility 1.12 (MiKTeX 26.5 Portable)
2026-09-06 01:27:46,907+0800 INFO  miktex - this process (21600) started by miktexsetup_standalone in directory C:\Users\99097\Documents\GitHub\RCEP with command line: miktex --disable-installer --verbose fndb refresh
2026-09-06 01:27:46,945+0800 INFO  miktex - Creating FNDB for common root directory (C:\Users\99097\Documents\GitHub\RCEP\.tools\miktex\texmfs\config)...
2026-09-06 01:27:46,961+0800 INFO  miktex - Creating FNDB for common root directory (C:\Users\99097\Documents\GitHub\RCEP\.tools\miktex\texmfs\data)...
2026-09-06 01:27:46,974+0800 INFO  miktex - Creating FNDB for common root directory (C:\Users\99097\Documents\GitHub\RCEP\.tools\miktex\texmfs\install)...
2026-09-06 01:27:48,384+0800 WARN  miktex.packagemanager - dependency problem: ms is required by _miktex-latex-packages
2026-09-06 01:27:48,384+0800 WARN  miktex.packagemanager - dependency problem: showframe is required by _miktex-latex-packages
2026-09-06 01:27:48,384+0800 WARN  miktex.packagemanager - dependency problem: thailatex is required by _miktex-latex-packages
2026-09-06 01:27:48,386+0800 WARN  miktex.packagemanager - dependency problem: luxi is required by _miktex-fonts-type1
2026-09-06 01:27:48,427+0800 INFO  miktex - Refreshing FNDB for MPM...
2026-09-06 01:27:49,691+0800 INFO  miktex - this process (21600) finishes with exit code 0
2026-09-06 01:28:05,565+0800 INFO  miktex - this is One MiKTeX Utility 1.12 (MiKTeX 26.5 Portable)
2026-09-06 01:28:05,565+0800 INFO  miktex - this process (5388) started by xelatex in directory C:\Users\99097\Documents\GitHub\RCEP\main with command line: miktex formats build xelatex --engine xetex
2026-09-06 01:28:05,567+0800 INFO  miktex - Building format 'xelatex' with engine 'xetex'...
2026-09-06 01:28:05,567+0800 INFO  miktex.core - start process: miktex-makefmt.exe --engine=xetex --dest-name=xelatex --no-dump xelatex.ini --miktex-disable-maintenance --miktex-disable-diagnose
2026-09-06 01:28:11,743+0800 INFO  miktex - this process (5388) finishes with exit code 0
2026-09-06 01:29:15,524+0800 INFO  miktex - this is One MiKTeX Utility 1.12 (MiKTeX 26.5 Portable)
2026-09-06 01:29:15,524+0800 INFO  miktex - this process (19292) started by xelatex in directory C:\Users\99097\Documents\GitHub\RCEP\main with command line: miktex fontmaps configure
2026-09-06 01:29:15,524+0800 INFO  miktex - Parsing configuration file C:\Users\99097\Documents\GitHub\RCEP\.tools\miktex\texmfs\install\miktex/config\updmap.cfg...
2026-09-06 01:29:15,609+0800 INFO  miktex - Writing C:\Users\99097\Documents\GitHub\RCEP\.tools\miktex\texmfs/data\fonts\map\dvipdfmx\kanjix.map...
2026-09-06 01:29:15,611+0800 INFO  miktex - Writing C:\Users\99097\Documents\GitHub\RCEP\.tools\miktex\texmfs/data\fonts\map\dvips\builtin35.map...
2026-09-06 01:29:15,615+0800 INFO  miktex - Writing C:\Users\99097\Documents\GitHub\RCEP\.tools\miktex\texmfs/data\fonts\map\dvips\download35.map...
2026-09-06 01:29:15,619+0800 INFO  miktex - Writing C:\Users\99097\Documents\GitHub\RCEP\.tools\miktex\texmfs/data\fonts\map\dvips\ps2pk.map...
2026-09-06 01:29:15,625+0800 INFO  miktex - Writing C:\Users\99097\Documents\GitHub\RCEP\.tools\miktex\texmfs/data\fonts\map\dvips\psfonts_pk.map...
2026-09-06 01:29:15,631+0800 INFO  miktex - Writing C:\Users\99097\Documents\GitHub\RCEP\.tools\miktex\texmfs/data\fonts\map\dvips\psfonts_t1.map...
2026-09-06 01:29:15,638+0800 INFO  miktex - Writing C:\Users\99097\Documents\GitHub\RCEP\.tools\miktex\texmfs/data\fonts\map\pdftex\pdftex_dl14.map...
2026-09-06 01:29:15,644+0800 INFO  miktex - Writing C:\Users\99097\Documents\GitHub\RCEP\.tools\miktex\texmfs/data\fonts\map\pdftex\pdftex_ndl14.map...
2026-09-06 01:29:15,652+0800 INFO  miktex - Copying C:\Users\99097\Documents\GitHub\RCEP\.tools\miktex\texmfs/data\fonts\map\dvips\psfonts_t1.map
2026-09-06 01:29:15,652+0800 INFO  miktex -      to C:\Users\99097\Documents\GitHub\RCEP\.tools\miktex\texmfs/data\fonts\map\dvips\psfonts.map...
2026-09-06 01:29:15,654+0800 INFO  miktex - Copying C:\Users\99097\Documents\GitHub\RCEP\.tools\miktex\texmfs/data\fonts\map\pdftex\pdftex_dl14.map
2026-09-06 01:29:15,654+0800 INFO  miktex -      to C:\Users\99097\Documents\GitHub\RCEP\.tools\miktex\texmfs/data\fonts\map\pdftex\pdftex.map...
2026-09-06 01:29:15,661+0800 INFO  miktex - running: miktex-fc-cache --miktex-disable-maintenance --miktex-disable-diagnose
2026-09-06 01:29:15,661+0800 INFO  miktex.core - start process: miktex-fc-cache --miktex-disable-maintenance --miktex-disable-diagnose
2026-09-06 01:29:16,197+0800 WARN  miktex.core - still open: C:\Users\99097\Documents\GitHub\RCEP\.tools\miktex\texmfs\install\fontconfig/config\fonts.conf.in
2026-09-06 01:29:16,197+0800 WARN  miktex.core - still open: C:\Users\99097\Documents\GitHub\RCEP\.tools\miktex\texmfs/config\fontconfig\config\fonts.conf
2026-09-06 01:29:16,197+0800 INFO  miktex - this process (19292) finishes with exit code 0
2026-09-06 01:29:22,501+0800 INFO  miktex - this is One MiKTeX Utility 1.12 (MiKTeX 26.5 Portable)
2026-09-06 01:29:22,502+0800 INFO  miktex - this process (17308) started by xelatex in directory C:\Users\99097\Documents\GitHub\RCEP\main with command line: miktex fontmaps configure
2026-09-06 01:29:22,502+0800 INFO  miktex - Parsing configuration file C:\Users\99097\Documents\GitHub\RCEP\.tools\miktex\texmfs\install\miktex/config\updmap.cfg...
2026-09-06 01:29:22,589+0800 INFO  miktex - Writing C:\Users\99097\Documents\GitHub\RCEP\.tools\miktex\texmfs/data\fonts\map\dvipdfmx\kanjix.map...
2026-09-06 01:29:22,590+0800 INFO  miktex - Writing C:\Users\99097\Documents\GitHub\RCEP\.tools\miktex\texmfs/data\fonts\map\dvips\builtin35.map...
2026-09-06 01:29:22,593+0800 INFO  miktex - Writing C:\Users\99097\Documents\GitHub\RCEP\.tools\miktex\texmfs/data\fonts\map\dvips\download35.map...
2026-09-06 01:29:22,596+0800 INFO  miktex - Writing C:\Users\99097\Documents\GitHub\RCEP\.tools\miktex\texmfs/data\fonts\map\dvips\ps2pk.map...
2026-09-06 01:29:22,602+0800 INFO  miktex - Writing C:\Users\99097\Documents\GitHub\RCEP\.tools\miktex\texmfs/data\fonts\map\dvips\psfonts_pk.map...
2026-09-06 01:29:22,607+0800 INFO  miktex - Writing C:\Users\99097\Documents\GitHub\RCEP\.tools\miktex\texmfs/data\fonts\map\dvips\psfonts_t1.map...
2026-09-06 01:29:22,614+0800 INFO  miktex - Writing C:\Users\99097\Documents\GitHub\RCEP\.tools\miktex\texmfs/data\fonts\map\pdftex\pdftex_dl14.map...
2026-09-06 01:29:22,621+0800 INFO  miktex - Writing C:\Users\99097\Documents\GitHub\RCEP\.tools\miktex\texmfs/data\fonts\map\pdftex\pdftex_ndl14.map...
2026-09-06 01:29:22,627+0800 INFO  miktex - Copying C:\Users\99097\Documents\GitHub\RCEP\.tools\miktex\texmfs/data\fonts\map\dvips\psfonts_t1.map
2026-09-06 01:29:22,627+0800 INFO  miktex -      to C:\Users\99097\Documents\GitHub\RCEP\.tools\miktex\texmfs/data\fonts\map\dvips\psfonts.map...
2026-09-06 01:29:22,630+0800 INFO  miktex - Copying C:\Users\99097\Documents\GitHub\RCEP\.tools\miktex\texmfs/data\fonts\map\pdftex\pdftex_dl14.map
2026-09-06 01:29:22,630+0800 INFO  miktex -      to C:\Users\99097\Documents\GitHub\RCEP\.tools\miktex\texmfs/data\fonts\map\pdftex\pdftex.map...
2026-09-06 01:29:22,636+0800 INFO  miktex - running: miktex-fc-cache --miktex-disable-maintenance --miktex-disable-diagnose
2026-09-06 01:29:22,637+0800 INFO  miktex.core - start process: miktex-fc-cache --miktex-disable-maintenance --miktex-disable-diagnose
2026-09-06 01:29:23,037+0800 WARN  miktex.core - still open: C:\Users\99097\Documents\GitHub\RCEP\.tools\miktex\texmfs\install\fontconfig/config\fonts.conf.in
2026-09-06 01:29:23,037+0800 WARN  miktex.core - still open: C:\Users\99097\Documents\GitHub\RCEP\.tools\miktex\texmfs/config\fontconfig\config\fonts.conf
2026-09-06 01:29:23,037+0800 INFO  miktex - this process (17308) finishes with exit code 0
2026-09-06 01:29:29,361+0800 INFO  miktex - this is One MiKTeX Utility 1.12 (MiKTeX 26.5 Portable)
2026-09-06 01:29:29,362+0800 INFO  miktex - this process (19200) started by xelatex in directory C:\Users\99097\Documents\GitHub\RCEP\main with command line: miktex fontmaps configure
2026-09-06 01:29:29,362+0800 INFO  miktex - Parsing configuration file C:\Users\99097\Documents\GitHub\RCEP\.tools\miktex\texmfs\install\miktex/config\updmap.cfg...
2026-09-06 01:29:29,447+0800 INFO  miktex - Writing C:\Users\99097\Documents\GitHub\RCEP\.tools\miktex\texmfs/data\fonts\map\dvipdfmx\kanjix.map...
2026-09-06 01:29:29,448+0800 INFO  miktex - Writing C:\Users\99097\Documents\GitHub\RCEP\.tools\miktex\texmfs/data\fonts\map\dvips\builtin35.map...
2026-09-06 01:29:29,451+0800 INFO  miktex - Writing C:\Users\99097\Documents\GitHub\RCEP\.tools\miktex\texmfs/data\fonts\map\dvips\download35.map...
2026-09-06 01:29:29,454+0800 INFO  miktex - Writing C:\Users\99097\Documents\GitHub\RCEP\.tools\miktex\texmfs/data\fonts\map\dvips\ps2pk.map...
2026-09-06 01:29:29,461+0800 INFO  miktex - Writing C:\Users\99097\Documents\GitHub\RCEP\.tools\miktex\texmfs/data\fonts\map\dvips\psfonts_pk.map...
2026-09-06 01:29:29,466+0800 INFO  miktex - Writing C:\Users\99097\Documents\GitHub\RCEP\.tools\miktex\texmfs/data\fonts\map\dvips\psfonts_t1.map...
2026-09-06 01:29:29,473+0800 INFO  miktex - Writing C:\Users\99097\Documents\GitHub\RCEP\.tools\miktex\texmfs/data\fonts\map\pdftex\pdftex_dl14.map...
2026-09-06 01:29:29,480+0800 INFO  miktex - Writing C:\Users\99097\Documents\GitHub\RCEP\.tools\miktex\texmfs/data\fonts\map\pdftex\pdftex_ndl14.map...
2026-09-06 01:29:29,486+0800 INFO  miktex - Copying C:\Users\99097\Documents\GitHub\RCEP\.tools\miktex\texmfs/data\fonts\map\dvips\psfonts_t1.map
2026-09-06 01:29:29,486+0800 INFO  miktex -      to C:\Users\99097\Documents\GitHub\RCEP\.tools\miktex\texmfs/data\fonts\map\dvips\psfonts.map...
2026-09-06 01:29:29,488+0800 INFO  miktex - Copying C:\Users\99097\Documents\GitHub\RCEP\.tools\miktex\texmfs/data\fonts\map\pdftex\pdftex_dl14.map
2026-09-06 01:29:29,489+0800 INFO  miktex -      to C:\Users\99097\Documents\GitHub\RCEP\.tools\miktex\texmfs/data\fonts\map\pdftex\pdftex.map...
2026-09-06 01:29:29,496+0800 INFO  miktex - running: miktex-fc-cache --miktex-disable-maintenance --miktex-disable-diagnose
2026-09-06 01:29:29,496+0800 INFO  miktex.core - start process: miktex-fc-cache --miktex-disable-maintenance --miktex-disable-diagnose
2026-09-06 01:29:29,902+0800 WARN  miktex.core - still open: C:\Users\99097\Documents\GitHub\RCEP\.tools\miktex\texmfs/config\fontconfig\config\fonts.conf
2026-09-06 01:29:29,902+0800 WARN  miktex.core - still open: C:\Users\99097\Documents\GitHub\RCEP\.tools\miktex\texmfs\install\fontconfig/config\fonts.conf.in
2026-09-06 01:29:29,902+0800 INFO  miktex - this process (19200) finishes with exit code 0
2026-09-06 01:29:37,351+0800 INFO  miktex - this is One MiKTeX Utility 1.12 (MiKTeX 26.5 Portable)
2026-09-06 01:29:37,351+0800 INFO  miktex - this process (14432) started by xelatex in directory C:\Users\99097\Documents\GitHub\RCEP\main with command line: miktex fontmaps configure
2026-09-06 01:29:37,352+0800 INFO  miktex - Parsing configuration file C:\Users\99097\Documents\GitHub\RCEP\.tools\miktex\texmfs\install\miktex/config\updmap.cfg...
2026-09-06 01:29:37,432+0800 INFO  miktex - Writing C:\Users\99097\Documents\GitHub\RCEP\.tools\miktex\texmfs/data\fonts\map\dvipdfmx\kanjix.map...
2026-09-06 01:29:37,433+0800 INFO  miktex - Writing C:\Users\99097\Documents\GitHub\RCEP\.tools\miktex\texmfs/data\fonts\map\dvips\builtin35.map...
2026-09-06 01:29:37,436+0800 INFO  miktex - Writing C:\Users\99097\Documents\GitHub\RCEP\.tools\miktex\texmfs/data\fonts\map\dvips\download35.map...
2026-09-06 01:29:37,439+0800 INFO  miktex - Writing C:\Users\99097\Documents\GitHub\RCEP\.tools\miktex\texmfs/data\fonts\map\dvips\ps2pk.map...
2026-09-06 01:29:37,446+0800 INFO  miktex - Writing C:\Users\99097\Documents\GitHub\RCEP\.tools\miktex\texmfs/data\fonts\map\dvips\psfonts_pk.map...
2026-09-06 01:29:37,451+0800 INFO  miktex - Writing C:\Users\99097\Documents\GitHub\RCEP\.tools\miktex\texmfs/data\fonts\map\dvips\psfonts_t1.map...
2026-09-06 01:29:37,458+0800 INFO  miktex - Writing C:\Users\99097\Documents\GitHub\RCEP\.tools\miktex\texmfs/data\fonts\map\pdftex\pdftex_dl14.map...
2026-09-06 01:29:37,465+0800 INFO  miktex - Writing C:\Users\99097\Documents\GitHub\RCEP\.tools\miktex\texmfs/data\fonts\map\pdftex\pdftex_ndl14.map...
2026-09-06 01:29:37,473+0800 INFO  miktex - Copying C:\Users\99097\Documents\GitHub\RCEP\.tools\miktex\texmfs/data\fonts\map\dvips\psfonts_t1.map
2026-09-06 01:29:37,473+0800 INFO  miktex -      to C:\Users\99097\Documents\GitHub\RCEP\.tools\miktex\texmfs/data\fonts\map\dvips\psfonts.map...
2026-09-06 01:29:37,475+0800 INFO  miktex - Copying C:\Users\99097\Documents\GitHub\RCEP\.tools\miktex\texmfs/data\fonts\map\pdftex\pdftex_dl14.map
2026-09-06 01:29:37,475+0800 INFO  miktex -      to C:\Users\99097\Documents\GitHub\RCEP\.tools\miktex\texmfs/data\fonts\map\pdftex\pdftex.map...
2026-09-06 01:29:37,482+0800 INFO  miktex - running: miktex-fc-cache --miktex-disable-maintenance --miktex-disable-diagnose
2026-09-06 01:29:37,483+0800 INFO  miktex.core - start process: miktex-fc-cache --miktex-disable-maintenance --miktex-disable-diagnose
2026-09-06 01:29:37,882+0800 WARN  miktex.core - still open: C:\Users\99097\Documents\GitHub\RCEP\.tools\miktex\texmfs/config\fontconfig\config\fonts.conf
2026-09-06 01:29:37,882+0800 WARN  miktex.core - still open: C:\Users\99097\Documents\GitHub\RCEP\.tools\miktex\texmfs\install\fontconfig/config\fonts.conf.in
2026-09-06 01:29:37,882+0800 INFO  miktex - this process (14432) finishes with exit code 0
2026-09-06 01:29:40,443+0800 INFO  miktex - this is One MiKTeX Utility 1.12 (MiKTeX 26.5 Portable)
2026-09-06 01:29:40,443+0800 INFO  miktex - this process (7652) started by xelatex in directory C:\Users\99097\Documents\GitHub\RCEP\main with command line: miktex fontmaps configure
2026-09-06 01:29:40,444+0800 INFO  miktex - Parsing configuration file C:\Users\99097\Documents\GitHub\RCEP\.tools\miktex\texmfs\install\miktex/config\updmap.cfg...
2026-09-06 01:29:40,523+0800 INFO  miktex - Writing C:\Users\99097\Documents\GitHub\RCEP\.tools\miktex\texmfs/data\fonts\map\dvipdfmx\kanjix.map...
2026-09-06 01:29:40,525+0800 INFO  miktex - Writing C:\Users\99097\Documents\GitHub\RCEP\.tools\miktex\texmfs/data\fonts\map\dvips\builtin35.map...
2026-09-06 01:29:40,528+0800 INFO  miktex - Writing C:\Users\99097\Documents\GitHub\RCEP\.tools\miktex\texmfs/data\fonts\map\dvips\download35.map...
2026-09-06 01:29:40,531+0800 INFO  miktex - Writing C:\Users\99097\Documents\GitHub\RCEP\.tools\miktex\texmfs/data\fonts\map\dvips\ps2pk.map...
2026-09-06 01:29:40,537+0800 INFO  miktex - Writing C:\Users\99097\Documents\GitHub\RCEP\.tools\miktex\texmfs/data\fonts\map\dvips\psfonts_pk.map...
2026-09-06 01:29:40,542+0800 INFO  miktex - Writing C:\Users\99097\Documents\GitHub\RCEP\.tools\miktex\texmfs/data\fonts\map\dvips\psfonts_t1.map...
2026-09-06 01:29:40,549+0800 INFO  miktex - Writing C:\Users\99097\Documents\GitHub\RCEP\.tools\miktex\texmfs/data\fonts\map\pdftex\pdftex_dl14.map...
2026-09-06 01:29:40,555+0800 INFO  miktex - Writing C:\Users\99097\Documents\GitHub\RCEP\.tools\miktex\texmfs/data\fonts\map\pdftex\pdftex_ndl14.map...
2026-09-06 01:29:40,564+0800 INFO  miktex - Copying C:\Users\99097\Documents\GitHub\RCEP\.tools\miktex\texmfs/data\fonts\map\dvips\psfonts_t1.map
2026-09-06 01:29:40,564+0800 INFO  miktex -      to C:\Users\99097\Documents\GitHub\RCEP\.tools\miktex\texmfs/data\fonts\map\dvips\psfonts.map...
2026-09-06 01:29:40,566+0800 INFO  miktex - Copying C:\Users\99097\Documents\GitHub\RCEP\.tools\miktex\texmfs/data\fonts\map\pdftex\pdftex_dl14.map
2026-09-06 01:29:40,567+0800 INFO  miktex -      to C:\Users\99097\Documents\GitHub\RCEP\.tools\miktex\texmfs/data\fonts\map\pdftex\pdftex.map...
2026-09-06 01:29:40,573+0800 INFO  miktex - running: miktex-fc-cache --miktex-disable-maintenance --miktex-disable-diagnose
2026-09-06 01:29:40,573+0800 INFO  miktex.core - start process: miktex-fc-cache --miktex-disable-maintenance --miktex-disable-diagnose
2026-09-06 01:29:40,983+0800 WARN  miktex.core - still open: C:\Users\99097\Documents\GitHub\RCEP\.tools\miktex\texmfs\install\fontconfig/config\fonts.conf.in
2026-09-06 01:29:40,983+0800 WARN  miktex.core - still open: C:\Users\99097\Documents\GitHub\RCEP\.tools\miktex\texmfs/config\fontconfig\config\fonts.conf
2026-09-06 01:29:40,983+0800 INFO  miktex - this process (7652) finishes with exit code 0
2026-09-06 01:29:43,509+0800 INFO  miktex - this is One MiKTeX Utility 1.12 (MiKTeX 26.5 Portable)
2026-09-06 01:29:43,510+0800 INFO  miktex - this process (8988) started by xelatex in directory C:\Users\99097\Documents\GitHub\RCEP\main with command line: miktex fontmaps configure
2026-09-06 01:29:43,510+0800 INFO  miktex - Parsing configuration file C:\Users\99097\Documents\GitHub\RCEP\.tools\miktex\texmfs\install\miktex/config\updmap.cfg...
2026-09-06 01:29:43,615+0800 INFO  miktex - Writing C:\Users\99097\Documents\GitHub\RCEP\.tools\miktex\texmfs/data\fonts\map\dvipdfmx\kanjix.map...
2026-09-06 01:29:43,616+0800 INFO  miktex - Writing C:\Users\99097\Documents\GitHub\RCEP\.tools\miktex\texmfs/data\fonts\map\dvips\builtin35.map...
2026-09-06 01:29:43,619+0800 INFO  miktex - Writing C:\Users\99097\Documents\GitHub\RCEP\.tools\miktex\texmfs/data\fonts\map\dvips\download35.map...
2026-09-06 01:29:43,622+0800 INFO  miktex - Writing C:\Users\99097\Documents\GitHub\RCEP\.tools\miktex\texmfs/data\fonts\map\dvips\ps2pk.map...
2026-09-06 01:29:43,628+0800 INFO  miktex - Writing C:\Users\99097\Documents\GitHub\RCEP\.tools\miktex\texmfs/data\fonts\map\dvips\psfonts_pk.map...
2026-09-06 01:29:43,637+0800 INFO  miktex - Writing C:\Users\99097\Documents\GitHub\RCEP\.tools\miktex\texmfs/data\fonts\map\dvips\psfonts_t1.map...
2026-09-06 01:29:43,643+0800 INFO  miktex - Writing C:\Users\99097\Documents\GitHub\RCEP\.tools\miktex\texmfs/data\fonts\map\pdftex\pdftex_dl14.map...
2026-09-06 01:29:43,650+0800 INFO  miktex - Writing C:\Users\99097\Documents\GitHub\RCEP\.tools\miktex\texmfs/data\fonts\map\pdftex\pdftex_ndl14.map...
2026-09-06 01:29:43,656+0800 INFO  miktex - Copying C:\Users\99097\Documents\GitHub\RCEP\.tools\miktex\texmfs/data\fonts\map\dvips\psfonts_t1.map
2026-09-06 01:29:43,656+0800 INFO  miktex -      to C:\Users\99097\Documents\GitHub\RCEP\.tools\miktex\texmfs/data\fonts\map\dvips\psfonts.map...
2026-09-06 01:29:43,658+0800 INFO  miktex - Copying C:\Users\99097\Documents\GitHub\RCEP\.tools\miktex\texmfs/data\fonts\map\pdftex\pdftex_dl14.map
2026-09-06 01:29:43,659+0800 INFO  miktex -      to C:\Users\99097\Documents\GitHub\RCEP\.tools\miktex\texmfs/data\fonts\map\pdftex\pdftex.map...
2026-09-06 01:29:43,666+0800 INFO  miktex - running: miktex-fc-cache --miktex-disable-maintenance --miktex-disable-diagnose
2026-09-06 01:29:43,666+0800 INFO  miktex.core - start process: miktex-fc-cache --miktex-disable-maintenance --miktex-disable-diagnose
2026-09-06 01:29:44,078+0800 WARN  miktex.core - still open: C:\Users\99097\Documents\GitHub\RCEP\.tools\miktex\texmfs\install\fontconfig/config\fonts.conf.in
2026-09-06 01:29:44,078+0800 WARN  miktex.core - still open: C:\Users\99097\Documents\GitHub\RCEP\.tools\miktex\texmfs/config\fontconfig\config\fonts.conf
2026-09-06 01:29:44,078+0800 INFO  miktex - this process (8988) finishes with exit code 0
2026-09-06 01:29:46,823+0800 INFO  miktex - this is One MiKTeX Utility 1.12 (MiKTeX 26.5 Portable)
2026-09-06 01:29:46,823+0800 INFO  miktex - this process (19248) started by xelatex in directory C:\Users\99097\Documents\GitHub\RCEP\main with command line: miktex fontmaps configure
2026-09-06 01:29:46,823+0800 INFO  miktex - Parsing configuration file C:\Users\99097\Documents\GitHub\RCEP\.tools\miktex\texmfs\install\miktex/config\updmap.cfg...
2026-09-06 01:29:46,908+0800 INFO  miktex - Writing C:\Users\99097\Documents\GitHub\RCEP\.tools\miktex\texmfs/data\fonts\map\dvipdfmx\kanjix.map...
2026-09-06 01:29:46,909+0800 INFO  miktex - Writing C:\Users\99097\Documents\GitHub\RCEP\.tools\miktex\texmfs/data\fonts\map\dvips\builtin35.map...
2026-09-06 01:29:46,912+0800 INFO  miktex - Writing C:\Users\99097\Documents\GitHub\RCEP\.tools\miktex\texmfs/data\fonts\map\dvips\download35.map...
2026-09-06 01:29:46,916+0800 INFO  miktex - Writing C:\Users\99097\Documents\GitHub\RCEP\.tools\miktex\texmfs/data\fonts\map\dvips\ps2pk.map...
2026-09-06 01:29:46,923+0800 INFO  miktex - Writing C:\Users\99097\Documents\GitHub\RCEP\.tools\miktex\texmfs/data\fonts\map\dvips\psfonts_pk.map...
2026-09-06 01:29:46,930+0800 INFO  miktex - Writing C:\Users\99097\Documents\GitHub\RCEP\.tools\miktex\texmfs/data\fonts\map\dvips\psfonts_t1.map...
2026-09-06 01:29:46,937+0800 INFO  miktex - Writing C:\Users\99097\Documents\GitHub\RCEP\.tools\miktex\texmfs/data\fonts\map\pdftex\pdftex_dl14.map...
2026-09-06 01:29:46,944+0800 INFO  miktex - Writing C:\Users\99097\Documents\GitHub\RCEP\.tools\miktex\texmfs/data\fonts\map\pdftex\pdftex_ndl14.map...
2026-09-06 01:29:46,952+0800 INFO  miktex - Copying C:\Users\99097\Documents\GitHub\RCEP\.tools\miktex\texmfs/data\fonts\map\dvips\psfonts_t1.map
2026-09-06 01:29:46,952+0800 INFO  miktex -      to C:\Users\99097\Documents\GitHub\RCEP\.tools\miktex\texmfs/data\fonts\map\dvips\psfonts.map...
2026-09-06 01:29:46,954+0800 INFO  miktex - Copying C:\Users\99097\Documents\GitHub\RCEP\.tools\miktex\texmfs/data\fonts\map\pdftex\pdftex_dl14.map
2026-09-06 01:29:46,954+0800 INFO  miktex -      to C:\Users\99097\Documents\GitHub\RCEP\.tools\miktex\texmfs/data\fonts\map\pdftex\pdftex.map...
2026-09-06 01:29:46,961+0800 INFO  miktex - running: miktex-fc-cache --miktex-disable-maintenance --miktex-disable-diagnose
2026-09-06 01:29:46,961+0800 INFO  miktex.core - start process: miktex-fc-cache --miktex-disable-maintenance --miktex-disable-diagnose
2026-09-06 01:29:47,371+0800 WARN  miktex.core - still open: C:\Users\99097\Documents\GitHub\RCEP\.tools\miktex\texmfs\install\fontconfig/config\fonts.conf.in
2026-09-06 01:29:47,371+0800 WARN  miktex.core - still open: C:\Users\99097\Documents\GitHub\RCEP\.tools\miktex\texmfs/config\fontconfig\config\fonts.conf
2026-09-06 01:29:47,371+0800 INFO  miktex - this process (19248) finishes with exit code 0
2026-09-06 01:29:50,372+0800 INFO  miktex - this is One MiKTeX Utility 1.12 (MiKTeX 26.5 Portable)
2026-09-06 01:29:50,372+0800 INFO  miktex - this process (7904) started by xelatex in directory C:\Users\99097\Documents\GitHub\RCEP\main with command line: miktex fontmaps configure
2026-09-06 01:29:50,373+0800 INFO  miktex - Parsing configuration file C:\Users\99097\Documents\GitHub\RCEP\.tools\miktex\texmfs\install\miktex/config\updmap.cfg...
2026-09-06 01:29:50,455+0800 INFO  miktex - Writing C:\Users\99097\Documents\GitHub\RCEP\.tools\miktex\texmfs/data\fonts\map\dvipdfmx\kanjix.map...
2026-09-06 01:29:50,456+0800 INFO  miktex - Writing C:\Users\99097\Documents\GitHub\RCEP\.tools\miktex\texmfs/data\fonts\map\dvips\builtin35.map...
2026-09-06 01:29:50,459+0800 INFO  miktex - Writing C:\Users\99097\Documents\GitHub\RCEP\.tools\miktex\texmfs/data\fonts\map\dvips\download35.map...
2026-09-06 01:29:50,462+0800 INFO  miktex - Writing C:\Users\99097\Documents\GitHub\RCEP\.tools\miktex\texmfs/data\fonts\map\dvips\ps2pk.map...
2026-09-06 01:29:50,468+0800 INFO  miktex - Writing C:\Users\99097\Documents\GitHub\RCEP\.tools\miktex\texmfs/data\fonts\map\dvips\psfonts_pk.map...
2026-09-06 01:29:50,474+0800 INFO  miktex - Writing C:\Users\99097\Documents\GitHub\RCEP\.tools\miktex\texmfs/data\fonts\map\dvips\psfonts_t1.map...
2026-09-06 01:29:50,480+0800 INFO  miktex - Writing C:\Users\99097\Documents\GitHub\RCEP\.tools\miktex\texmfs/data\fonts\map\pdftex\pdftex_dl14.map...
2026-09-06 01:29:50,487+0800 INFO  miktex - Writing C:\Users\99097\Documents\GitHub\RCEP\.tools\miktex\texmfs/data\fonts\map\pdftex\pdftex_ndl14.map...
2026-09-06 01:29:50,493+0800 INFO  miktex - Copying C:\Users\99097\Documents\GitHub\RCEP\.tools\miktex\texmfs/data\fonts\map\dvips\psfonts_t1.map
2026-09-06 01:29:50,493+0800 INFO  miktex -      to C:\Users\99097\Documents\GitHub\RCEP\.tools\miktex\texmfs/data\fonts\map\dvips\psfonts.map...
2026-09-06 01:29:50,496+0800 INFO  miktex - Copying C:\Users\99097\Documents\GitHub\RCEP\.tools\miktex\texmfs/data\fonts\map\pdftex\pdftex_dl14.map
2026-09-06 01:29:50,496+0800 INFO  miktex -      to C:\Users\99097\Documents\GitHub\RCEP\.tools\miktex\texmfs/data\fonts\map\pdftex\pdftex.map...
2026-09-06 01:29:50,503+0800 INFO  miktex - running: miktex-fc-cache --miktex-disable-maintenance --miktex-disable-diagnose
2026-09-06 01:29:50,503+0800 INFO  miktex.core - start process: miktex-fc-cache --miktex-disable-maintenance --miktex-disable-diagnose
2026-09-06 01:29:50,908+0800 WARN  miktex.core - still open: C:\Users\99097\Documents\GitHub\RCEP\.tools\miktex\texmfs\install\fontconfig/config\fonts.conf.in
2026-09-06 01:29:50,908+0800 WARN  miktex.core - still open: C:\Users\99097\Documents\GitHub\RCEP\.tools\miktex\texmfs/config\fontconfig\config\fonts.conf
2026-09-06 01:29:50,908+0800 INFO  miktex - this process (7904) finishes with exit code 0
2026-09-06 01:29:53,852+0800 INFO  miktex - this is One MiKTeX Utility 1.12 (MiKTeX 26.5 Portable)
2026-09-06 01:29:53,853+0800 INFO  miktex - this process (16716) started by xelatex in directory C:\Users\99097\Documents\GitHub\RCEP\main with command line: miktex fontmaps configure
2026-09-06 01:29:53,853+0800 INFO  miktex - Parsing configuration file C:\Users\99097\Documents\GitHub\RCEP\.tools\miktex\texmfs\install\miktex/config\updmap.cfg...
2026-09-06 01:29:53,936+0800 INFO  miktex - Writing C:\Users\99097\Documents\GitHub\RCEP\.tools\miktex\texmfs/data\fonts\map\dvipdfmx\kanjix.map...
2026-09-06 01:29:53,937+0800 INFO  miktex - Writing C:\Users\99097\Documents\GitHub\RCEP\.tools\miktex\texmfs/data\fonts\map\dvips\builtin35.map...
2026-09-06 01:29:53,940+0800 INFO  miktex - Writing C:\Users\99097\Documents\GitHub\RCEP\.tools\miktex\texmfs/data\fonts\map\dvips\download35.map...
2026-09-06 01:29:53,943+0800 INFO  miktex - Writing C:\Users\99097\Documents\GitHub\RCEP\.tools\miktex\texmfs/data\fonts\map\dvips\ps2pk.map...
2026-09-06 01:29:53,950+0800 INFO  miktex - Writing C:\Users\99097\Documents\GitHub\RCEP\.tools\miktex\texmfs/data\fonts\map\dvips\psfonts_pk.map...
2026-09-06 01:29:53,955+0800 INFO  miktex - Writing C:\Users\99097\Documents\GitHub\RCEP\.tools\miktex\texmfs/data\fonts\map\dvips\psfonts_t1.map...
2026-09-06 01:29:53,962+0800 INFO  miktex - Writing C:\Users\99097\Documents\GitHub\RCEP\.tools\miktex\texmfs/data\fonts\map\pdftex\pdftex_dl14.map...
2026-09-06 01:29:53,968+0800 INFO  miktex - Writing C:\Users\99097\Documents\GitHub\RCEP\.tools\miktex\texmfs/data\fonts\map\pdftex\pdftex_ndl14.map...
2026-09-06 01:29:53,974+0800 INFO  miktex - Copying C:\Users\99097\Documents\GitHub\RCEP\.tools\miktex\texmfs/data\fonts\map\dvips\psfonts_t1.map
2026-09-06 01:29:53,974+0800 INFO  miktex -      to C:\Users\99097\Documents\GitHub\RCEP\.tools\miktex\texmfs/data\fonts\map\dvips\psfonts.map...
2026-09-06 01:29:53,976+0800 INFO  miktex - Copying C:\Users\99097\Documents\GitHub\RCEP\.tools\miktex\texmfs/data\fonts\map\pdftex\pdftex_dl14.map
2026-09-06 01:29:53,976+0800 INFO  miktex -      to C:\Users\99097\Documents\GitHub\RCEP\.tools\miktex\texmfs/data\fonts\map\pdftex\pdftex.map...
2026-09-06 01:29:53,983+0800 INFO  miktex - running: miktex-fc-cache --miktex-disable-maintenance --miktex-disable-diagnose
2026-09-06 01:29:53,984+0800 INFO  miktex.core - start process: miktex-fc-cache --miktex-disable-maintenance --miktex-disable-diagnose
2026-09-06 01:29:54,398+0800 WARN  miktex.core - still open: C:\Users\99097\Documents\GitHub\RCEP\.tools\miktex\texmfs\install\fontconfig/config\fonts.conf.in
2026-09-06 01:29:54,398+0800 WARN  miktex.core - still open: C:\Users\99097\Documents\GitHub\RCEP\.tools\miktex\texmfs/config\fontconfig\config\fonts.conf
2026-09-06 01:29:54,398+0800 INFO  miktex - this process (16716) finishes with exit code 0
2026-09-06 01:29:56,772+0800 INFO  miktex - this is One MiKTeX Utility 1.12 (MiKTeX 26.5 Portable)
2026-09-06 01:29:56,772+0800 INFO  miktex - this process (13152) started by xelatex in directory C:\Users\99097\Documents\GitHub\RCEP\main with command line: miktex fontmaps configure
2026-09-06 01:29:56,772+0800 INFO  miktex - Parsing configuration file C:\Users\99097\Documents\GitHub\RCEP\.tools\miktex\texmfs\install\miktex/config\updmap.cfg...
2026-09-06 01:29:56,855+0800 INFO  miktex - Writing C:\Users\99097\Documents\GitHub\RCEP\.tools\miktex\texmfs/data\fonts\map\dvipdfmx\kanjix.map...
2026-09-06 01:29:56,856+0800 INFO  miktex - Writing C:\Users\99097\Documents\GitHub\RCEP\.tools\miktex\texmfs/data\fonts\map\dvips\builtin35.map...
2026-09-06 01:29:56,859+0800 INFO  miktex - Writing C:\Users\99097\Documents\GitHub\RCEP\.tools\miktex\texmfs/data\fonts\map\dvips\download35.map...
2026-09-06 01:29:56,862+0800 INFO  miktex - Writing C:\Users\99097\Documents\GitHub\RCEP\.tools\miktex\texmfs/data\fonts\map\dvips\ps2pk.map...
2026-09-06 01:29:56,868+0800 INFO  miktex - Writing C:\Users\99097\Documents\GitHub\RCEP\.tools\miktex\texmfs/data\fonts\map\dvips\psfonts_pk.map...
2026-09-06 01:29:56,874+0800 INFO  miktex - Writing C:\Users\99097\Documents\GitHub\RCEP\.tools\miktex\texmfs/data\fonts\map\dvips\psfonts_t1.map...
2026-09-06 01:29:56,880+0800 INFO  miktex - Writing C:\Users\99097\Documents\GitHub\RCEP\.tools\miktex\texmfs/data\fonts\map\pdftex\pdftex_dl14.map...
2026-09-06 01:29:56,887+0800 INFO  miktex - Writing C:\Users\99097\Documents\GitHub\RCEP\.tools\miktex\texmfs/data\fonts\map\pdftex\pdftex_ndl14.map...
2026-09-06 01:29:56,893+0800 INFO  miktex - Copying C:\Users\99097\Documents\GitHub\RCEP\.tools\miktex\texmfs/data\fonts\map\dvips\psfonts_t1.map
2026-09-06 01:29:56,893+0800 INFO  miktex -      to C:\Users\99097\Documents\GitHub\RCEP\.tools\miktex\texmfs/data\fonts\map\dvips\psfonts.map...
2026-09-06 01:29:56,896+0800 INFO  miktex - Copying C:\Users\99097\Documents\GitHub\RCEP\.tools\miktex\texmfs/data\fonts\map\pdftex\pdftex_dl14.map
2026-09-06 01:29:56,896+0800 INFO  miktex -      to C:\Users\99097\Documents\GitHub\RCEP\.tools\miktex\texmfs/data\fonts\map\pdftex\pdftex.map...
2026-09-06 01:29:56,902+0800 INFO  miktex - running: miktex-fc-cache --miktex-disable-maintenance --miktex-disable-diagnose
2026-09-06 01:29:56,902+0800 INFO  miktex.core - start process: miktex-fc-cache --miktex-disable-maintenance --miktex-disable-diagnose
2026-09-06 01:29:57,332+0800 WARN  miktex.core - still open: C:\Users\99097\Documents\GitHub\RCEP\.tools\miktex\texmfs\install\fontconfig/config\fonts.conf.in
2026-09-06 01:29:57,332+0800 WARN  miktex.core - still open: C:\Users\99097\Documents\GitHub\RCEP\.tools\miktex\texmfs/config\fontconfig\config\fonts.conf
2026-09-06 01:29:57,332+0800 INFO  miktex - this process (13152) finishes with exit code 0
2026-09-06 01:29:59,857+0800 INFO  miktex - this is One MiKTeX Utility 1.12 (MiKTeX 26.5 Portable)
2026-09-06 01:29:59,858+0800 INFO  miktex - this process (10344) started by xelatex in directory C:\Users\99097\Documents\GitHub\RCEP\main with command line: miktex fontmaps configure
2026-09-06 01:29:59,858+0800 INFO  miktex - Parsing configuration file C:\Users\99097\Documents\GitHub\RCEP\.tools\miktex\texmfs\install\miktex/config\updmap.cfg...
2026-09-06 01:29:59,940+0800 INFO  miktex - Writing C:\Users\99097\Documents\GitHub\RCEP\.tools\miktex\texmfs/data\fonts\map\dvipdfmx\kanjix.map...
2026-09-06 01:29:59,941+0800 INFO  miktex - Writing C:\Users\99097\Documents\GitHub\RCEP\.tools\miktex\texmfs/data\fonts\map\dvips\builtin35.map...
2026-09-06 01:29:59,944+0800 INFO  miktex - Writing C:\Users\99097\Documents\GitHub\RCEP\.tools\miktex\texmfs/data\fonts\map\dvips\download35.map...
2026-09-06 01:29:59,947+0800 INFO  miktex - Writing C:\Users\99097\Documents\GitHub\RCEP\.tools\miktex\texmfs/data\fonts\map\dvips\ps2pk.map...
2026-09-06 01:29:59,955+0800 INFO  miktex - Writing C:\Users\99097\Documents\GitHub\RCEP\.tools\miktex\texmfs/data\fonts\map\dvips\psfonts_pk.map...
2026-09-06 01:29:59,960+0800 INFO  miktex - Writing C:\Users\99097\Documents\GitHub\RCEP\.tools\miktex\texmfs/data\fonts\map\dvips\psfonts_t1.map...
2026-09-06 01:29:59,968+0800 INFO  miktex - Writing C:\Users\99097\Documents\GitHub\RCEP\.tools\miktex\texmfs/data\fonts\map\pdftex\pdftex_dl14.map...
2026-09-06 01:29:59,975+0800 INFO  miktex - Writing C:\Users\99097\Documents\GitHub\RCEP\.tools\miktex\texmfs/data\fonts\map\pdftex\pdftex_ndl14.map...
2026-09-06 01:29:59,981+0800 INFO  miktex - Copying C:\Users\99097\Documents\GitHub\RCEP\.tools\miktex\texmfs/data\fonts\map\dvips\psfonts_t1.map
2026-09-06 01:29:59,981+0800 INFO  miktex -      to C:\Users\99097\Documents\GitHub\RCEP\.tools\miktex\texmfs/data\fonts\map\dvips\psfonts.map...
2026-09-06 01:29:59,983+0800 INFO  miktex - Copying C:\Users\99097\Documents\GitHub\RCEP\.tools\miktex\texmfs/data\fonts\map\pdftex\pdftex_dl14.map
2026-09-06 01:29:59,983+0800 INFO  miktex -      to C:\Users\99097\Documents\GitHub\RCEP\.tools\miktex\texmfs/data\fonts\map\pdftex\pdftex.map...
2026-09-06 01:29:59,990+0800 INFO  miktex - running: miktex-fc-cache --miktex-disable-maintenance --miktex-disable-diagnose
2026-09-06 01:29:59,990+0800 INFO  miktex.core - start process: miktex-fc-cache --miktex-disable-maintenance --miktex-disable-diagnose
2026-09-06 01:30:00,412+0800 WARN  miktex.core - still open: C:\Users\99097\Documents\GitHub\RCEP\.tools\miktex\texmfs\install\fontconfig/config\fonts.conf.in
2026-09-06 01:30:00,412+0800 WARN  miktex.core - still open: C:\Users\99097\Documents\GitHub\RCEP\.tools\miktex\texmfs/config\fontconfig\config\fonts.conf
2026-09-06 01:30:00,413+0800 INFO  miktex - this process (10344) finishes with exit code 0
2026-09-06 01:30:03,105+0800 INFO  miktex - this is One MiKTeX Utility 1.12 (MiKTeX 26.5 Portable)
2026-09-06 01:30:03,105+0800 INFO  miktex - this process (14056) started by xelatex in directory C:\Users\99097\Documents\GitHub\RCEP\main with command line: miktex fontmaps configure
2026-09-06 01:30:03,105+0800 INFO  miktex - Parsing configuration file C:\Users\99097\Documents\GitHub\RCEP\.tools\miktex\texmfs\install\miktex/config\updmap.cfg...
2026-09-06 01:30:03,189+0800 INFO  miktex - Writing C:\Users\99097\Documents\GitHub\RCEP\.tools\miktex\texmfs/data\fonts\map\dvipdfmx\kanjix.map...
2026-09-06 01:30:03,190+0800 INFO  miktex - Writing C:\Users\99097\Documents\GitHub\RCEP\.tools\miktex\texmfs/data\fonts\map\dvips\builtin35.map...
2026-09-06 01:30:03,192+0800 INFO  miktex - Writing C:\Users\99097\Documents\GitHub\RCEP\.tools\miktex\texmfs/data\fonts\map\dvips\download35.map...
2026-09-06 01:30:03,195+0800 INFO  miktex - Writing C:\Users\99097\Documents\GitHub\RCEP\.tools\miktex\texmfs/data\fonts\map\dvips\ps2pk.map...
2026-09-06 01:30:03,202+0800 INFO  miktex - Writing C:\Users\99097\Documents\GitHub\RCEP\.tools\miktex\texmfs/data\fonts\map\dvips\psfonts_pk.map...
2026-09-06 01:30:03,207+0800 INFO  miktex - Writing C:\Users\99097\Documents\GitHub\RCEP\.tools\miktex\texmfs/data\fonts\map\dvips\psfonts_t1.map...
2026-09-06 01:30:03,213+0800 INFO  miktex - Writing C:\Users\99097\Documents\GitHub\RCEP\.tools\miktex\texmfs/data\fonts\map\pdftex\pdftex_dl14.map...
2026-09-06 01:30:03,220+0800 INFO  miktex - Writing C:\Users\99097\Documents\GitHub\RCEP\.tools\miktex\texmfs/data\fonts\map\pdftex\pdftex_ndl14.map...
2026-09-06 01:30:03,226+0800 INFO  miktex - Copying C:\Users\99097\Documents\GitHub\RCEP\.tools\miktex\texmfs/data\fonts\map\dvips\psfonts_t1.map
2026-09-06 01:30:03,226+0800 INFO  miktex -      to C:\Users\99097\Documents\GitHub\RCEP\.tools\miktex\texmfs/data\fonts\map\dvips\psfonts.map...
2026-09-06 01:30:03,228+0800 INFO  miktex - Copying C:\Users\99097\Documents\GitHub\RCEP\.tools\miktex\texmfs/data\fonts\map\pdftex\pdftex_dl14.map
2026-09-06 01:30:03,229+0800 INFO  miktex -      to C:\Users\99097\Documents\GitHub\RCEP\.tools\miktex\texmfs/data\fonts\map\pdftex\pdftex.map...
2026-09-06 01:30:03,235+0800 INFO  miktex - running: miktex-fc-cache --miktex-disable-maintenance --miktex-disable-diagnose
2026-09-06 01:30:03,235+0800 INFO  miktex.core - start process: miktex-fc-cache --miktex-disable-maintenance --miktex-disable-diagnose
2026-09-06 01:30:03,698+0800 WARN  miktex.core - still open: C:\Users\99097\Documents\GitHub\RCEP\.tools\miktex\texmfs\install\fontconfig/config\fonts.conf.in
2026-09-06 01:30:03,698+0800 WARN  miktex.core - still open: C:\Users\99097\Documents\GitHub\RCEP\.tools\miktex\texmfs/config\fontconfig\config\fonts.conf
2026-09-06 01:30:03,699+0800 INFO  miktex - this process (14056) finishes with exit code 0
2026-09-06 01:30:06,963+0800 INFO  miktex - this is One MiKTeX Utility 1.12 (MiKTeX 26.5 Portable)
2026-09-06 01:30:06,963+0800 INFO  miktex - this process (22128) started by xelatex in directory C:\Users\99097\Documents\GitHub\RCEP\main with command line: miktex fontmaps configure
2026-09-06 01:30:06,964+0800 INFO  miktex - Parsing configuration file C:\Users\99097\Documents\GitHub\RCEP\.tools\miktex\texmfs\install\miktex/config\updmap.cfg...
2026-09-06 01:30:07,045+0800 INFO  miktex - Writing C:\Users\99097\Documents\GitHub\RCEP\.tools\miktex\texmfs/data\fonts\map\dvipdfmx\kanjix.map...
2026-09-06 01:30:07,080+0800 INFO  miktex - Writing C:\Users\99097\Documents\GitHub\RCEP\.tools\miktex\texmfs/data\fonts\map\dvips\builtin35.map...
2026-09-06 01:30:07,082+0800 INFO  miktex - Writing C:\Users\99097\Documents\GitHub\RCEP\.tools\miktex\texmfs/data\fonts\map\dvips\download35.map...
2026-09-06 01:30:07,085+0800 INFO  miktex - Writing C:\Users\99097\Documents\GitHub\RCEP\.tools\miktex\texmfs/data\fonts\map\dvips\ps2pk.map...
2026-09-06 01:30:07,091+0800 INFO  miktex - Writing C:\Users\99097\Documents\GitHub\RCEP\.tools\miktex\texmfs/data\fonts\map\dvips\psfonts_pk.map...
2026-09-06 01:30:07,097+0800 INFO  miktex - Writing C:\Users\99097\Documents\GitHub\RCEP\.tools\miktex\texmfs/data\fonts\map\dvips\psfonts_t1.map...
2026-09-06 01:30:07,103+0800 INFO  miktex - Writing C:\Users\99097\Documents\GitHub\RCEP\.tools\miktex\texmfs/data\fonts\map\pdftex\pdftex_dl14.map...
2026-09-06 01:30:07,110+0800 INFO  miktex - Writing C:\Users\99097\Documents\GitHub\RCEP\.tools\miktex\texmfs/data\fonts\map\pdftex\pdftex_ndl14.map...
2026-09-06 01:30:07,116+0800 INFO  miktex - Copying C:\Users\99097\Documents\GitHub\RCEP\.tools\miktex\texmfs/data\fonts\map\dvips\psfonts_t1.map
2026-09-06 01:30:07,116+0800 INFO  miktex -      to C:\Users\99097\Documents\GitHub\RCEP\.tools\miktex\texmfs/data\fonts\map\dvips\psfonts.map...
2026-09-06 01:30:07,119+0800 INFO  miktex - Copying C:\Users\99097\Documents\GitHub\RCEP\.tools\miktex\texmfs/data\fonts\map\pdftex\pdftex_dl14.map
2026-09-06 01:30:07,119+0800 INFO  miktex -      to C:\Users\99097\Documents\GitHub\RCEP\.tools\miktex\texmfs/data\fonts\map\pdftex\pdftex.map...
2026-09-06 01:30:07,126+0800 INFO  miktex - running: miktex-fc-cache --miktex-disable-maintenance --miktex-disable-diagnose
2026-09-06 01:30:07,126+0800 INFO  miktex.core - start process: miktex-fc-cache --miktex-disable-maintenance --miktex-disable-diagnose
2026-09-06 01:30:07,569+0800 WARN  miktex.core - still open: C:\Users\99097\Documents\GitHub\RCEP\.tools\miktex\texmfs\install\fontconfig/config\fonts.conf.in
2026-09-06 01:30:07,569+0800 WARN  miktex.core - still open: C:\Users\99097\Documents\GitHub\RCEP\.tools\miktex\texmfs/config\fontconfig\config\fonts.conf
2026-09-06 01:30:07,569+0800 INFO  miktex - this process (22128) finishes with exit code 0
2026-09-06 01:30:08,340+0800 INFO  miktex - this is One MiKTeX Utility 1.12 (MiKTeX 26.5 Portable)
2026-09-06 01:30:08,340+0800 INFO  miktex - this process (16144) started by xelatex in directory C:\Users\99097\Documents\GitHub\RCEP\main with command line: miktex fontmaps configure
2026-09-06 01:30:08,341+0800 INFO  miktex - Parsing configuration file C:\Users\99097\Documents\GitHub\RCEP\.tools\miktex\texmfs\install\miktex/config\updmap.cfg...
2026-09-06 01:30:08,424+0800 INFO  miktex - Writing C:\Users\99097\Documents\GitHub\RCEP\.tools\miktex\texmfs/data\fonts\map\dvipdfmx\kanjix.map...
2026-09-06 01:30:08,437+0800 INFO  miktex - Writing C:\Users\99097\Documents\GitHub\RCEP\.tools\miktex\texmfs/data\fonts\map\dvips\builtin35.map...
2026-09-06 01:30:08,440+0800 INFO  miktex - Writing C:\Users\99097\Documents\GitHub\RCEP\.tools\miktex\texmfs/data\fonts\map\dvips\download35.map...
2026-09-06 01:30:08,442+0800 INFO  miktex - Writing C:\Users\99097\Documents\GitHub\RCEP\.tools\miktex\texmfs/data\fonts\map\dvips\ps2pk.map...
2026-09-06 01:30:08,449+0800 INFO  miktex - Writing C:\Users\99097\Documents\GitHub\RCEP\.tools\miktex\texmfs/data\fonts\map\dvips\psfonts_pk.map...
2026-09-06 01:30:08,454+0800 INFO  miktex - Writing C:\Users\99097\Documents\GitHub\RCEP\.tools\miktex\texmfs/data\fonts\map\dvips\psfonts_t1.map...
2026-09-06 01:30:08,460+0800 INFO  miktex - Writing C:\Users\99097\Documents\GitHub\RCEP\.tools\miktex\texmfs/data\fonts\map\pdftex\pdftex_dl14.map...
2026-09-06 01:30:08,468+0800 INFO  miktex - Writing C:\Users\99097\Documents\GitHub\RCEP\.tools\miktex\texmfs/data\fonts\map\pdftex\pdftex_ndl14.map...
2026-09-06 01:30:08,474+0800 INFO  miktex - Copying C:\Users\99097\Documents\GitHub\RCEP\.tools\miktex\texmfs/data\fonts\map\dvips\psfonts_t1.map
2026-09-06 01:30:08,474+0800 INFO  miktex -      to C:\Users\99097\Documents\GitHub\RCEP\.tools\miktex\texmfs/data\fonts\map\dvips\psfonts.map...
2026-09-06 01:30:08,476+0800 INFO  miktex - Copying C:\Users\99097\Documents\GitHub\RCEP\.tools\miktex\texmfs/data\fonts\map\pdftex\pdftex_dl14.map
2026-09-06 01:30:08,476+0800 INFO  miktex -      to C:\Users\99097\Documents\GitHub\RCEP\.tools\miktex\texmfs/data\fonts\map\pdftex\pdftex.map...
2026-09-06 01:30:08,485+0800 INFO  miktex - running: miktex-fc-cache --miktex-disable-maintenance --miktex-disable-diagnose
2026-09-06 01:30:08,485+0800 INFO  miktex.core - start process: miktex-fc-cache --miktex-disable-maintenance --miktex-disable-diagnose
2026-09-06 01:30:08,918+0800 WARN  miktex.core - still open: C:\Users\99097\Documents\GitHub\RCEP\.tools\miktex\texmfs\install\fontconfig/config\fonts.conf.in
2026-09-06 01:30:08,919+0800 WARN  miktex.core - still open: C:\Users\99097\Documents\GitHub\RCEP\.tools\miktex\texmfs/config\fontconfig\config\fonts.conf
2026-09-06 01:30:08,919+0800 INFO  miktex - this process (16144) finishes with exit code 0
2026-09-06 01:30:10,519+0800 INFO  miktex - this is One MiKTeX Utility 1.12 (MiKTeX 26.5 Portable)
2026-09-06 01:30:10,520+0800 INFO  miktex - this process (22460) started by xelatex in directory C:\Users\99097\Documents\GitHub\RCEP\main with command line: miktex fontmaps configure
2026-09-06 01:30:10,520+0800 INFO  miktex - Parsing configuration file C:\Users\99097\Documents\GitHub\RCEP\.tools\miktex\texmfs\install\miktex/config\updmap.cfg...
2026-09-06 01:30:10,603+0800 INFO  miktex - Writing C:\Users\99097\Documents\GitHub\RCEP\.tools\miktex\texmfs/data\fonts\map\dvipdfmx\kanjix.map...
2026-09-06 01:30:10,604+0800 INFO  miktex - Writing C:\Users\99097\Documents\GitHub\RCEP\.tools\miktex\texmfs/data\fonts\map\dvips\builtin35.map...
2026-09-06 01:30:10,608+0800 INFO  miktex - Writing C:\Users\99097\Documents\GitHub\RCEP\.tools\miktex\texmfs/data\fonts\map\dvips\download35.map...
2026-09-06 01:30:10,611+0800 INFO  miktex - Writing C:\Users\99097\Documents\GitHub\RCEP\.tools\miktex\texmfs/data\fonts\map\dvips\ps2pk.map...
2026-09-06 01:30:10,618+0800 INFO  miktex - Writing C:\Users\99097\Documents\GitHub\RCEP\.tools\miktex\texmfs/data\fonts\map\dvips\psfonts_pk.map...
2026-09-06 01:30:10,624+0800 INFO  miktex - Writing C:\Users\99097\Documents\GitHub\RCEP\.tools\miktex\texmfs/data\fonts\map\dvips\psfonts_t1.map...
2026-09-06 01:30:10,630+0800 INFO  miktex - Writing C:\Users\99097\Documents\GitHub\RCEP\.tools\miktex\texmfs/data\fonts\map\pdftex\pdftex_dl14.map...
2026-09-06 01:30:10,641+0800 INFO  miktex - Writing C:\Users\99097\Documents\GitHub\RCEP\.tools\miktex\texmfs/data\fonts\map\pdftex\pdftex_ndl14.map...
2026-09-06 01:30:10,648+0800 INFO  miktex - Copying C:\Users\99097\Documents\GitHub\RCEP\.tools\miktex\texmfs/data\fonts\map\dvips\psfonts_t1.map
2026-09-06 01:30:10,648+0800 INFO  miktex -      to C:\Users\99097\Documents\GitHub\RCEP\.tools\miktex\texmfs/data\fonts\map\dvips\psfonts.map...
2026-09-06 01:30:10,650+0800 INFO  miktex - Copying C:\Users\99097\Documents\GitHub\RCEP\.tools\miktex\texmfs/data\fonts\map\pdftex\pdftex_dl14.map
2026-09-06 01:30:10,650+0800 INFO  miktex -      to C:\Users\99097\Documents\GitHub\RCEP\.tools\miktex\texmfs/data\fonts\map\pdftex\pdftex.map...
2026-09-06 01:30:10,657+0800 INFO  miktex - running: miktex-fc-cache --miktex-disable-maintenance --miktex-disable-diagnose
2026-09-06 01:30:10,658+0800 INFO  miktex.core - start process: miktex-fc-cache --miktex-disable-maintenance --miktex-disable-diagnose
2026-09-06 01:30:11,071+0800 WARN  miktex.core - still open: C:\Users\99097\Documents\GitHub\RCEP\.tools\miktex\texmfs\install\fontconfig/config\fonts.conf.in
2026-09-06 01:30:11,071+0800 WARN  miktex.core - still open: C:\Users\99097\Documents\GitHub\RCEP\.tools\miktex\texmfs/config\fontconfig\config\fonts.conf
2026-09-06 01:30:11,071+0800 INFO  miktex - this process (22460) finishes with exit code 0
2026-09-06 01:30:13,946+0800 INFO  miktex - this is One MiKTeX Utility 1.12 (MiKTeX 26.5 Portable)
2026-09-06 01:30:13,946+0800 INFO  miktex - this process (19768) started by xelatex in directory C:\Users\99097\Documents\GitHub\RCEP\main with command line: miktex fontmaps configure
2026-09-06 01:30:13,946+0800 INFO  miktex - Parsing configuration file C:\Users\99097\Documents\GitHub\RCEP\.tools\miktex\texmfs\install\miktex/config\updmap.cfg...
2026-09-06 01:30:14,030+0800 INFO  miktex - Writing C:\Users\99097\Documents\GitHub\RCEP\.tools\miktex\texmfs/data\fonts\map\dvipdfmx\kanjix.map...
2026-09-06 01:30:14,031+0800 INFO  miktex - Writing C:\Users\99097\Documents\GitHub\RCEP\.tools\miktex\texmfs/data\fonts\map\dvips\builtin35.map...
2026-09-06 01:30:14,034+0800 INFO  miktex - Writing C:\Users\99097\Documents\GitHub\RCEP\.tools\miktex\texmfs/data\fonts\map\dvips\download35.map...
2026-09-06 01:30:14,037+0800 INFO  miktex - Writing C:\Users\99097\Documents\GitHub\RCEP\.tools\miktex\texmfs/data\fonts\map\dvips\ps2pk.map...
2026-09-06 01:30:14,043+0800 INFO  miktex - Writing C:\Users\99097\Documents\GitHub\RCEP\.tools\miktex\texmfs/data\fonts\map\dvips\psfonts_pk.map...
2026-09-06 01:30:14,049+0800 INFO  miktex - Writing C:\Users\99097\Documents\GitHub\RCEP\.tools\miktex\texmfs/data\fonts\map\dvips\psfonts_t1.map...
2026-09-06 01:30:14,055+0800 INFO  miktex - Writing C:\Users\99097\Documents\GitHub\RCEP\.tools\miktex\texmfs/data\fonts\map\pdftex\pdftex_dl14.map...
2026-09-06 01:30:14,062+0800 INFO  miktex - Writing C:\Users\99097\Documents\GitHub\RCEP\.tools\miktex\texmfs/data\fonts\map\pdftex\pdftex_ndl14.map...
2026-09-06 01:30:14,070+0800 INFO  miktex - Copying C:\Users\99097\Documents\GitHub\RCEP\.tools\miktex\texmfs/data\fonts\map\dvips\psfonts_t1.map
2026-09-06 01:30:14,070+0800 INFO  miktex -      to C:\Users\99097\Documents\GitHub\RCEP\.tools\miktex\texmfs/data\fonts\map\dvips\psfonts.map...
2026-09-06 01:30:14,072+0800 INFO  miktex - Copying C:\Users\99097\Documents\GitHub\RCEP\.tools\miktex\texmfs/data\fonts\map\pdftex\pdftex_dl14.map
2026-09-06 01:30:14,072+0800 INFO  miktex -      to C:\Users\99097\Documents\GitHub\RCEP\.tools\miktex\texmfs/data\fonts\map\pdftex\pdftex.map...
2026-09-06 01:30:14,079+0800 INFO  miktex - running: miktex-fc-cache --miktex-disable-maintenance --miktex-disable-diagnose
2026-09-06 01:30:14,079+0800 INFO  miktex.core - start process: miktex-fc-cache --miktex-disable-maintenance --miktex-disable-diagnose
2026-09-06 01:30:14,534+0800 WARN  miktex.core - still open: C:\Users\99097\Documents\GitHub\RCEP\.tools\miktex\texmfs\install\fontconfig/config\fonts.conf.in
2026-09-06 01:30:14,534+0800 WARN  miktex.core - still open: C:\Users\99097\Documents\GitHub\RCEP\.tools\miktex\texmfs/config\fontconfig\config\fonts.conf
2026-09-06 01:30:14,534+0800 INFO  miktex - this process (19768) finishes with exit code 0
2026-09-06 01:30:16,994+0800 INFO  miktex - this is One MiKTeX Utility 1.12 (MiKTeX 26.5 Portable)
2026-09-06 01:30:16,995+0800 INFO  miktex - this process (17576) started by xelatex in directory C:\Users\99097\Documents\GitHub\RCEP\main with command line: miktex fontmaps configure
2026-09-06 01:30:16,995+0800 INFO  miktex - Parsing configuration file C:\Users\99097\Documents\GitHub\RCEP\.tools\miktex\texmfs\install\miktex/config\updmap.cfg...
2026-09-06 01:30:17,080+0800 INFO  miktex - Writing C:\Users\99097\Documents\GitHub\RCEP\.tools\miktex\texmfs/data\fonts\map\dvipdfmx\kanjix.map...
2026-09-06 01:30:17,081+0800 INFO  miktex - Writing C:\Users\99097\Documents\GitHub\RCEP\.tools\miktex\texmfs/data\fonts\map\dvips\builtin35.map...
2026-09-06 01:30:17,085+0800 INFO  miktex - Writing C:\Users\99097\Documents\GitHub\RCEP\.tools\miktex\texmfs/data\fonts\map\dvips\download35.map...
2026-09-06 01:30:17,087+0800 INFO  miktex - Writing C:\Users\99097\Documents\GitHub\RCEP\.tools\miktex\texmfs/data\fonts\map\dvips\ps2pk.map...
2026-09-06 01:30:17,094+0800 INFO  miktex - Writing C:\Users\99097\Documents\GitHub\RCEP\.tools\miktex\texmfs/data\fonts\map\dvips\psfonts_pk.map...
2026-09-06 01:30:17,101+0800 INFO  miktex - Writing C:\Users\99097\Documents\GitHub\RCEP\.tools\miktex\texmfs/data\fonts\map\dvips\psfonts_t1.map...
2026-09-06 01:30:17,108+0800 INFO  miktex - Writing C:\Users\99097\Documents\GitHub\RCEP\.tools\miktex\texmfs/data\fonts\map\pdftex\pdftex_dl14.map...
2026-09-06 01:30:17,114+0800 INFO  miktex - Writing C:\Users\99097\Documents\GitHub\RCEP\.tools\miktex\texmfs/data\fonts\map\pdftex\pdftex_ndl14.map...
2026-09-06 01:30:17,121+0800 INFO  miktex - Copying C:\Users\99097\Documents\GitHub\RCEP\.tools\miktex\texmfs/data\fonts\map\dvips\psfonts_t1.map
2026-09-06 01:30:17,121+0800 INFO  miktex -      to C:\Users\99097\Documents\GitHub\RCEP\.tools\miktex\texmfs/data\fonts\map\dvips\psfonts.map...
2026-09-06 01:30:17,123+0800 INFO  miktex - Copying C:\Users\99097\Documents\GitHub\RCEP\.tools\miktex\texmfs/data\fonts\map\pdftex\pdftex_dl14.map
2026-09-06 01:30:17,123+0800 INFO  miktex -      to C:\Users\99097\Documents\GitHub\RCEP\.tools\miktex\texmfs/data\fonts\map\pdftex\pdftex.map...
2026-09-06 01:30:17,130+0800 INFO  miktex - running: miktex-fc-cache --miktex-disable-maintenance --miktex-disable-diagnose
2026-09-06 01:30:17,130+0800 INFO  miktex.core - start process: miktex-fc-cache --miktex-disable-maintenance --miktex-disable-diagnose
2026-09-06 01:30:17,580+0800 WARN  miktex.core - still open: C:\Users\99097\Documents\GitHub\RCEP\.tools\miktex\texmfs\install\fontconfig/config\fonts.conf.in
2026-09-06 01:30:17,580+0800 WARN  miktex.core - still open: C:\Users\99097\Documents\GitHub\RCEP\.tools\miktex\texmfs/config\fontconfig\config\fonts.conf
2026-09-06 01:30:17,580+0800 INFO  miktex - this process (17576) finishes with exit code 0
2026-09-06 01:30:19,916+0800 INFO  miktex - this is One MiKTeX Utility 1.12 (MiKTeX 26.5 Portable)
2026-09-06 01:30:19,916+0800 INFO  miktex - this process (12056) started by xelatex in directory C:\Users\99097\Documents\GitHub\RCEP\main with command line: miktex fontmaps configure
2026-09-06 01:30:19,917+0800 INFO  miktex - Parsing configuration file C:\Users\99097\Documents\GitHub\RCEP\.tools\miktex\texmfs\install\miktex/config\updmap.cfg...
2026-09-06 01:30:19,998+0800 INFO  miktex - Writing C:\Users\99097\Documents\GitHub\RCEP\.tools\miktex\texmfs/data\fonts\map\dvipdfmx\kanjix.map...
2026-09-06 01:30:19,999+0800 INFO  miktex - Writing C:\Users\99097\Documents\GitHub\RCEP\.tools\miktex\texmfs/data\fonts\map\dvips\builtin35.map...
2026-09-06 01:30:20,001+0800 INFO  miktex - Writing C:\Users\99097\Documents\GitHub\RCEP\.tools\miktex\texmfs/data\fonts\map\dvips\download35.map...
2026-09-06 01:30:20,004+0800 INFO  miktex - Writing C:\Users\99097\Documents\GitHub\RCEP\.tools\miktex\texmfs/data\fonts\map\dvips\ps2pk.map...
2026-09-06 01:30:20,010+0800 INFO  miktex - Writing C:\Users\99097\Documents\GitHub\RCEP\.tools\miktex\texmfs/data\fonts\map\dvips\psfonts_pk.map...
2026-09-06 01:30:20,016+0800 INFO  miktex - Writing C:\Users\99097\Documents\GitHub\RCEP\.tools\miktex\texmfs/data\fonts\map\dvips\psfonts_t1.map...
2026-09-06 01:30:20,022+0800 INFO  miktex - Writing C:\Users\99097\Documents\GitHub\RCEP\.tools\miktex\texmfs/data\fonts\map\pdftex\pdftex_dl14.map...
2026-09-06 01:30:20,029+0800 INFO  miktex - Writing C:\Users\99097\Documents\GitHub\RCEP\.tools\miktex\texmfs/data\fonts\map\pdftex\pdftex_ndl14.map...
2026-09-06 01:30:20,037+0800 INFO  miktex - Copying C:\Users\99097\Documents\GitHub\RCEP\.tools\miktex\texmfs/data\fonts\map\dvips\psfonts_t1.map
2026-09-06 01:30:20,037+0800 INFO  miktex -      to C:\Users\99097\Documents\GitHub\RCEP\.tools\miktex\texmfs/data\fonts\map\dvips\psfonts.map...
2026-09-06 01:30:20,039+0800 INFO  miktex - Copying C:\Users\99097\Documents\GitHub\RCEP\.tools\miktex\texmfs/data\fonts\map\pdftex\pdftex_dl14.map
2026-09-06 01:30:20,039+0800 INFO  miktex -      to C:\Users\99097\Documents\GitHub\RCEP\.tools\miktex\texmfs/data\fonts\map\pdftex\pdftex.map...
2026-09-06 01:30:20,046+0800 INFO  miktex - running: miktex-fc-cache --miktex-disable-maintenance --miktex-disable-diagnose
2026-09-06 01:30:20,046+0800 INFO  miktex.core - start process: miktex-fc-cache --miktex-disable-maintenance --miktex-disable-diagnose
2026-09-06 01:30:20,454+0800 WARN  miktex.core - still open: C:\Users\99097\Documents\GitHub\RCEP\.tools\miktex\texmfs\install\fontconfig/config\fonts.conf.in
2026-09-06 01:30:20,455+0800 WARN  miktex.core - still open: C:\Users\99097\Documents\GitHub\RCEP\.tools\miktex\texmfs/config\fontconfig\config\fonts.conf
2026-09-06 01:30:20,455+0800 INFO  miktex - this process (12056) finishes with exit code 0
2026-09-06 01:30:22,784+0800 INFO  miktex - this is One MiKTeX Utility 1.12 (MiKTeX 26.5 Portable)
2026-09-06 01:30:22,784+0800 INFO  miktex - this process (21724) started by xelatex in directory C:\Users\99097\Documents\GitHub\RCEP\main with command line: miktex fontmaps configure
2026-09-06 01:30:22,785+0800 INFO  miktex - Parsing configuration file C:\Users\99097\Documents\GitHub\RCEP\.tools\miktex\texmfs\install\miktex/config\updmap.cfg...
2026-09-06 01:30:22,872+0800 INFO  miktex - Writing C:\Users\99097\Documents\GitHub\RCEP\.tools\miktex\texmfs/data\fonts\map\dvipdfmx\kanjix.map...
2026-09-06 01:30:22,873+0800 INFO  miktex - Writing C:\Users\99097\Documents\GitHub\RCEP\.tools\miktex\texmfs/data\fonts\map\dvips\builtin35.map...
2026-09-06 01:30:22,876+0800 INFO  miktex - Writing C:\Users\99097\Documents\GitHub\RCEP\.tools\miktex\texmfs/data\fonts\map\dvips\download35.map...
2026-09-06 01:30:22,879+0800 INFO  miktex - Writing C:\Users\99097\Documents\GitHub\RCEP\.tools\miktex\texmfs/data\fonts\map\dvips\ps2pk.map...
2026-09-06 01:30:22,885+0800 INFO  miktex - Writing C:\Users\99097\Documents\GitHub\RCEP\.tools\miktex\texmfs/data\fonts\map\dvips\psfonts_pk.map...
2026-09-06 01:30:22,890+0800 INFO  miktex - Writing C:\Users\99097\Documents\GitHub\RCEP\.tools\miktex\texmfs/data\fonts\map\dvips\psfonts_t1.map...
2026-09-06 01:30:22,897+0800 INFO  miktex - Writing C:\Users\99097\Documents\GitHub\RCEP\.tools\miktex\texmfs/data\fonts\map\pdftex\pdftex_dl14.map...
2026-09-06 01:30:22,904+0800 INFO  miktex - Writing C:\Users\99097\Documents\GitHub\RCEP\.tools\miktex\texmfs/data\fonts\map\pdftex\pdftex_ndl14.map...
2026-09-06 01:30:22,910+0800 INFO  miktex - Copying C:\Users\99097\Documents\GitHub\RCEP\.tools\miktex\texmfs/data\fonts\map\dvips\psfonts_t1.map
2026-09-06 01:30:22,910+0800 INFO  miktex -      to C:\Users\99097\Documents\GitHub\RCEP\.tools\miktex\texmfs/data\fonts\map\dvips\psfonts.map...
2026-09-06 01:30:22,913+0800 INFO  miktex - Copying C:\Users\99097\Documents\GitHub\RCEP\.tools\miktex\texmfs/data\fonts\map\pdftex\pdftex_dl14.map
2026-09-06 01:30:22,913+0800 INFO  miktex -      to C:\Users\99097\Documents\GitHub\RCEP\.tools\miktex\texmfs/data\fonts\map\pdftex\pdftex.map...
2026-09-06 01:30:22,919+0800 INFO  miktex - running: miktex-fc-cache --miktex-disable-maintenance --miktex-disable-diagnose
2026-09-06 01:30:22,919+0800 INFO  miktex.core - start process: miktex-fc-cache --miktex-disable-maintenance --miktex-disable-diagnose
2026-09-06 01:30:23,333+0800 WARN  miktex.core - still open: C:\Users\99097\Documents\GitHub\RCEP\.tools\miktex\texmfs\install\fontconfig/config\fonts.conf.in
2026-09-06 01:30:23,333+0800 WARN  miktex.core - still open: C:\Users\99097\Documents\GitHub\RCEP\.tools\miktex\texmfs/config\fontconfig\config\fonts.conf
2026-09-06 01:30:23,333+0800 INFO  miktex - this process (21724) finishes with exit code 0
2026-09-06 01:30:25,505+0800 INFO  miktex - this is One MiKTeX Utility 1.12 (MiKTeX 26.5 Portable)
2026-09-06 01:30:25,506+0800 INFO  miktex - this process (21000) started by xelatex in directory C:\Users\99097\Documents\GitHub\RCEP\main with command line: miktex fontmaps configure
2026-09-06 01:30:25,506+0800 INFO  miktex - Parsing configuration file C:\Users\99097\Documents\GitHub\RCEP\.tools\miktex\texmfs\install\miktex/config\updmap.cfg...
2026-09-06 01:30:25,587+0800 INFO  miktex - Writing C:\Users\99097\Documents\GitHub\RCEP\.tools\miktex\texmfs/data\fonts\map\dvipdfmx\kanjix.map...
2026-09-06 01:30:25,588+0800 INFO  miktex - Writing C:\Users\99097\Documents\GitHub\RCEP\.tools\miktex\texmfs/data\fonts\map\dvips\builtin35.map...
2026-09-06 01:30:25,591+0800 INFO  miktex - Writing C:\Users\99097\Documents\GitHub\RCEP\.tools\miktex\texmfs/data\fonts\map\dvips\download35.map...
2026-09-06 01:30:25,594+0800 INFO  miktex - Writing C:\Users\99097\Documents\GitHub\RCEP\.tools\miktex\texmfs/data\fonts\map\dvips\ps2pk.map...
2026-09-06 01:30:25,604+0800 INFO  miktex - Writing C:\Users\99097\Documents\GitHub\RCEP\.tools\miktex\texmfs/data\fonts\map\dvips\psfonts_pk.map...
2026-09-06 01:30:25,610+0800 INFO  miktex - Writing C:\Users\99097\Documents\GitHub\RCEP\.tools\miktex\texmfs/data\fonts\map\dvips\psfonts_t1.map...
2026-09-06 01:30:25,617+0800 INFO  miktex - Writing C:\Users\99097\Documents\GitHub\RCEP\.tools\miktex\texmfs/data\fonts\map\pdftex\pdftex_dl14.map...
2026-09-06 01:30:25,623+0800 INFO  miktex - Writing C:\Users\99097\Documents\GitHub\RCEP\.tools\miktex\texmfs/data\fonts\map\pdftex\pdftex_ndl14.map...
2026-09-06 01:30:25,631+0800 INFO  miktex - Copying C:\Users\99097\Documents\GitHub\RCEP\.tools\miktex\texmfs/data\fonts\map\dvips\psfonts_t1.map
2026-09-06 01:30:25,631+0800 INFO  miktex -      to C:\Users\99097\Documents\GitHub\RCEP\.tools\miktex\texmfs/data\fonts\map\dvips\psfonts.map...
2026-09-06 01:30:25,634+0800 INFO  miktex - Copying C:\Users\99097\Documents\GitHub\RCEP\.tools\miktex\texmfs/data\fonts\map\pdftex\pdftex_dl14.map
2026-09-06 01:30:25,634+0800 INFO  miktex -      to C:\Users\99097\Documents\GitHub\RCEP\.tools\miktex\texmfs/data\fonts\map\pdftex\pdftex.map...
2026-09-06 01:30:25,640+0800 INFO  miktex - running: miktex-fc-cache --miktex-disable-maintenance --miktex-disable-diagnose
2026-09-06 01:30:25,640+0800 INFO  miktex.core - start process: miktex-fc-cache --miktex-disable-maintenance --miktex-disable-diagnose
2026-09-06 01:30:26,050+0800 WARN  miktex.core - still open: C:\Users\99097\Documents\GitHub\RCEP\.tools\miktex\texmfs\install\fontconfig/config\fonts.conf.in
2026-09-06 01:30:26,050+0800 WARN  miktex.core - still open: C:\Users\99097\Documents\GitHub\RCEP\.tools\miktex\texmfs/config\fontconfig\config\fonts.conf
2026-09-06 01:30:26,050+0800 INFO  miktex - this process (21000) finishes with exit code 0
2026-09-06 01:30:28,220+0800 INFO  miktex - this is One MiKTeX Utility 1.12 (MiKTeX 26.5 Portable)
2026-09-06 01:30:28,221+0800 INFO  miktex - this process (16860) started by xelatex in directory C:\Users\99097\Documents\GitHub\RCEP\main with command line: miktex fontmaps configure
2026-09-06 01:30:28,221+0800 INFO  miktex - Parsing configuration file C:\Users\99097\Documents\GitHub\RCEP\.tools\miktex\texmfs\install\miktex/config\updmap.cfg...
2026-09-06 01:30:28,303+0800 INFO  miktex - Writing C:\Users\99097\Documents\GitHub\RCEP\.tools\miktex\texmfs/data\fonts\map\dvipdfmx\kanjix.map...
2026-09-06 01:30:28,304+0800 INFO  miktex - Writing C:\Users\99097\Documents\GitHub\RCEP\.tools\miktex\texmfs/data\fonts\map\dvips\builtin35.map...
2026-09-06 01:30:28,307+0800 INFO  miktex - Writing C:\Users\99097\Documents\GitHub\RCEP\.tools\miktex\texmfs/data\fonts\map\dvips\download35.map...
2026-09-06 01:30:28,310+0800 INFO  miktex - Writing C:\Users\99097\Documents\GitHub\RCEP\.tools\miktex\texmfs/data\fonts\map\dvips\ps2pk.map...
2026-09-06 01:30:28,316+0800 INFO  miktex - Writing C:\Users\99097\Documents\GitHub\RCEP\.tools\miktex\texmfs/data\fonts\map\dvips\psfonts_pk.map...
2026-09-06 01:30:28,321+0800 INFO  miktex - Writing C:\Users\99097\Documents\GitHub\RCEP\.tools\miktex\texmfs/data\fonts\map\dvips\psfonts_t1.map...
2026-09-06 01:30:28,328+0800 INFO  miktex - Writing C:\Users\99097\Documents\GitHub\RCEP\.tools\miktex\texmfs/data\fonts\map\pdftex\pdftex_dl14.map...
2026-09-06 01:30:28,335+0800 INFO  miktex - Writing C:\Users\99097\Documents\GitHub\RCEP\.tools\miktex\texmfs/data\fonts\map\pdftex\pdftex_ndl14.map...
2026-09-06 01:30:28,343+0800 INFO  miktex - Copying C:\Users\99097\Documents\GitHub\RCEP\.tools\miktex\texmfs/data\fonts\map\dvips\psfonts_t1.map
2026-09-06 01:30:28,343+0800 INFO  miktex -      to C:\Users\99097\Documents\GitHub\RCEP\.tools\miktex\texmfs/data\fonts\map\dvips\psfonts.map...
2026-09-06 01:30:28,345+0800 INFO  miktex - Copying C:\Users\99097\Documents\GitHub\RCEP\.tools\miktex\texmfs/data\fonts\map\pdftex\pdftex_dl14.map
2026-09-06 01:30:28,345+0800 INFO  miktex -      to C:\Users\99097\Documents\GitHub\RCEP\.tools\miktex\texmfs/data\fonts\map\pdftex\pdftex.map...
2026-09-06 01:30:28,352+0800 INFO  miktex - running: miktex-fc-cache --miktex-disable-maintenance --miktex-disable-diagnose
2026-09-06 01:30:28,352+0800 INFO  miktex.core - start process: miktex-fc-cache --miktex-disable-maintenance --miktex-disable-diagnose
2026-09-06 01:30:28,760+0800 WARN  miktex.core - still open: C:\Users\99097\Documents\GitHub\RCEP\.tools\miktex\texmfs\install\fontconfig/config\fonts.conf.in
2026-09-06 01:30:28,760+0800 WARN  miktex.core - still open: C:\Users\99097\Documents\GitHub\RCEP\.tools\miktex\texmfs/config\fontconfig\config\fonts.conf
2026-09-06 01:30:28,760+0800 INFO  miktex - this process (16860) finishes with exit code 0
2026-09-06 01:30:37,322+0800 INFO  miktex - this is One MiKTeX Utility 1.12 (MiKTeX 26.5 Portable)
2026-09-06 01:30:37,322+0800 INFO  miktex - this process (11304) started by xelatex in directory C:\Users\99097\Documents\GitHub\RCEP\main with command line: miktex fontmaps configure
2026-09-06 01:30:37,322+0800 INFO  miktex - Parsing configuration file C:\Users\99097\Documents\GitHub\RCEP\.tools\miktex\texmfs\install\miktex/config\updmap.cfg...
2026-09-06 01:30:37,406+0800 INFO  miktex - Writing C:\Users\99097\Documents\GitHub\RCEP\.tools\miktex\texmfs/data\fonts\map\dvipdfmx\kanjix.map...
2026-09-06 01:30:37,407+0800 INFO  miktex - Writing C:\Users\99097\Documents\GitHub\RCEP\.tools\miktex\texmfs/data\fonts\map\dvips\builtin35.map...
2026-09-06 01:30:37,411+0800 INFO  miktex - Writing C:\Users\99097\Documents\GitHub\RCEP\.tools\miktex\texmfs/data\fonts\map\dvips\download35.map...
2026-09-06 01:30:37,414+0800 INFO  miktex - Writing C:\Users\99097\Documents\GitHub\RCEP\.tools\miktex\texmfs/data\fonts\map\dvips\ps2pk.map...
2026-09-06 01:30:37,423+0800 INFO  miktex - Writing C:\Users\99097\Documents\GitHub\RCEP\.tools\miktex\texmfs/data\fonts\map\dvips\psfonts_pk.map...
2026-09-06 01:30:37,429+0800 INFO  miktex - Writing C:\Users\99097\Documents\GitHub\RCEP\.tools\miktex\texmfs/data\fonts\map\dvips\psfonts_t1.map...
2026-09-06 01:30:37,435+0800 INFO  miktex - Writing C:\Users\99097\Documents\GitHub\RCEP\.tools\miktex\texmfs/data\fonts\map\pdftex\pdftex_dl14.map...
2026-09-06 01:30:37,442+0800 INFO  miktex - Writing C:\Users\99097\Documents\GitHub\RCEP\.tools\miktex\texmfs/data\fonts\map\pdftex\pdftex_ndl14.map...
2026-09-06 01:30:37,448+0800 INFO  miktex - Copying C:\Users\99097\Documents\GitHub\RCEP\.tools\miktex\texmfs/data\fonts\map\dvips\psfonts_t1.map
2026-09-06 01:30:37,448+0800 INFO  miktex -      to C:\Users\99097\Documents\GitHub\RCEP\.tools\miktex\texmfs/data\fonts\map\dvips\psfonts.map...
2026-09-06 01:30:37,451+0800 INFO  miktex - Copying C:\Users\99097\Documents\GitHub\RCEP\.tools\miktex\texmfs/data\fonts\map\pdftex\pdftex_dl14.map
2026-09-06 01:30:37,451+0800 INFO  miktex -      to C:\Users\99097\Documents\GitHub\RCEP\.tools\miktex\texmfs/data\fonts\map\pdftex\pdftex.map...
2026-09-06 01:30:37,457+0800 INFO  miktex - running: miktex-fc-cache --miktex-disable-maintenance --miktex-disable-diagnose
2026-09-06 01:30:37,457+0800 INFO  miktex.core - start process: miktex-fc-cache --miktex-disable-maintenance --miktex-disable-diagnose
2026-09-06 01:30:37,883+0800 WARN  miktex.core - still open: C:\Users\99097\Documents\GitHub\RCEP\.tools\miktex\texmfs\install\fontconfig/config\fonts.conf.in
2026-09-06 01:30:37,884+0800 WARN  miktex.core - still open: C:\Users\99097\Documents\GitHub\RCEP\.tools\miktex\texmfs/config\fontconfig\config\fonts.conf
2026-09-06 01:30:37,884+0800 INFO  miktex - this process (11304) finishes with exit code 0
2026-09-06 01:30:41,043+0800 INFO  miktex - this is One MiKTeX Utility 1.12 (MiKTeX 26.5 Portable)
2026-09-06 01:30:41,043+0800 INFO  miktex - this process (7604) started by xelatex in directory C:\Users\99097\Documents\GitHub\RCEP\main with command line: miktex fontmaps configure
2026-09-06 01:30:41,043+0800 INFO  miktex - Parsing configuration file C:\Users\99097\Documents\GitHub\RCEP\.tools\miktex\texmfs\install\miktex/config\updmap.cfg...
2026-09-06 01:30:41,127+0800 INFO  miktex - Writing C:\Users\99097\Documents\GitHub\RCEP\.tools\miktex\texmfs/data\fonts\map\dvipdfmx\kanjix.map...
2026-09-06 01:30:41,128+0800 INFO  miktex - Writing C:\Users\99097\Documents\GitHub\RCEP\.tools\miktex\texmfs/data\fonts\map\dvips\builtin35.map...
2026-09-06 01:30:41,132+0800 INFO  miktex - Writing C:\Users\99097\Documents\GitHub\RCEP\.tools\miktex\texmfs/data\fonts\map\dvips\download35.map...
2026-09-06 01:30:41,134+0800 INFO  miktex - Writing C:\Users\99097\Documents\GitHub\RCEP\.tools\miktex\texmfs/data\fonts\map\dvips\ps2pk.map...
2026-09-06 01:30:41,141+0800 INFO  miktex - Writing C:\Users\99097\Documents\GitHub\RCEP\.tools\miktex\texmfs/data\fonts\map\dvips\psfonts_pk.map...
2026-09-06 01:30:41,146+0800 INFO  miktex - Writing C:\Users\99097\Documents\GitHub\RCEP\.tools\miktex\texmfs/data\fonts\map\dvips\psfonts_t1.map...
2026-09-06 01:30:41,153+0800 INFO  miktex - Writing C:\Users\99097\Documents\GitHub\RCEP\.tools\miktex\texmfs/data\fonts\map\pdftex\pdftex_dl14.map...
2026-09-06 01:30:41,159+0800 INFO  miktex - Writing C:\Users\99097\Documents\GitHub\RCEP\.tools\miktex\texmfs/data\fonts\map\pdftex\pdftex_ndl14.map...
2026-09-06 01:30:41,169+0800 INFO  miktex - Copying C:\Users\99097\Documents\GitHub\RCEP\.tools\miktex\texmfs/data\fonts\map\dvips\psfonts_t1.map
2026-09-06 01:30:41,169+0800 INFO  miktex -      to C:\Users\99097\Documents\GitHub\RCEP\.tools\miktex\texmfs/data\fonts\map\dvips\psfonts.map...
2026-09-06 01:30:41,172+0800 INFO  miktex - Copying C:\Users\99097\Documents\GitHub\RCEP\.tools\miktex\texmfs/data\fonts\map\pdftex\pdftex_dl14.map
2026-09-06 01:30:41,172+0800 INFO  miktex -      to C:\Users\99097\Documents\GitHub\RCEP\.tools\miktex\texmfs/data\fonts\map\pdftex\pdftex.map...
2026-09-06 01:30:41,179+0800 INFO  miktex - running: miktex-fc-cache --miktex-disable-maintenance --miktex-disable-diagnose
2026-09-06 01:30:41,179+0800 INFO  miktex.core - start process: miktex-fc-cache --miktex-disable-maintenance --miktex-disable-diagnose
2026-09-06 01:30:41,615+0800 WARN  miktex.core - still open: C:\Users\99097\Documents\GitHub\RCEP\.tools\miktex\texmfs\install\fontconfig/config\fonts.conf.in
2026-09-06 01:30:41,616+0800 WARN  miktex.core - still open: C:\Users\99097\Documents\GitHub\RCEP\.tools\miktex\texmfs/config\fontconfig\config\fonts.conf
2026-09-06 01:30:41,616+0800 INFO  miktex - this process (7604) finishes with exit code 0
2026-09-06 01:30:44,882+0800 INFO  miktex - this is One MiKTeX Utility 1.12 (MiKTeX 26.5 Portable)
2026-09-06 01:30:44,882+0800 INFO  miktex - this process (8072) started by xelatex in directory C:\Users\99097\Documents\GitHub\RCEP\main with command line: miktex fontmaps configure
2026-09-06 01:30:44,882+0800 INFO  miktex - Parsing configuration file C:\Users\99097\Documents\GitHub\RCEP\.tools\miktex\texmfs\install\miktex/config\updmap.cfg...
2026-09-06 01:30:44,964+0800 INFO  miktex - Writing C:\Users\99097\Documents\GitHub\RCEP\.tools\miktex\texmfs/data\fonts\map\dvipdfmx\kanjix.map...
2026-09-06 01:30:44,965+0800 INFO  miktex - Writing C:\Users\99097\Documents\GitHub\RCEP\.tools\miktex\texmfs/data\fonts\map\dvips\builtin35.map...
2026-09-06 01:30:44,968+0800 INFO  miktex - Writing C:\Users\99097\Documents\GitHub\RCEP\.tools\miktex\texmfs/data\fonts\map\dvips\download35.map...
2026-09-06 01:30:44,971+0800 INFO  miktex - Writing C:\Users\99097\Documents\GitHub\RCEP\.tools\miktex\texmfs/data\fonts\map\dvips\ps2pk.map...
2026-09-06 01:30:44,977+0800 INFO  miktex - Writing C:\Users\99097\Documents\GitHub\RCEP\.tools\miktex\texmfs/data\fonts\map\dvips\psfonts_pk.map...
2026-09-06 01:30:44,982+0800 INFO  miktex - Writing C:\Users\99097\Documents\GitHub\RCEP\.tools\miktex\texmfs/data\fonts\map\dvips\psfonts_t1.map...
2026-09-06 01:30:44,989+0800 INFO  miktex - Writing C:\Users\99097\Documents\GitHub\RCEP\.tools\miktex\texmfs/data\fonts\map\pdftex\pdftex_dl14.map...
2026-09-06 01:30:44,995+0800 INFO  miktex - Writing C:\Users\99097\Documents\GitHub\RCEP\.tools\miktex\texmfs/data\fonts\map\pdftex\pdftex_ndl14.map...
2026-09-06 01:30:45,002+0800 INFO  miktex - Copying C:\Users\99097\Documents\GitHub\RCEP\.tools\miktex\texmfs/data\fonts\map\dvips\psfonts_t1.map
2026-09-06 01:30:45,002+0800 INFO  miktex -      to C:\Users\99097\Documents\GitHub\RCEP\.tools\miktex\texmfs/data\fonts\map\dvips\psfonts.map...
2026-09-06 01:30:45,004+0800 INFO  miktex - Copying C:\Users\99097\Documents\GitHub\RCEP\.tools\miktex\texmfs/data\fonts\map\pdftex\pdftex_dl14.map
2026-09-06 01:30:45,004+0800 INFO  miktex -      to C:\Users\99097\Documents\GitHub\RCEP\.tools\miktex\texmfs/data\fonts\map\pdftex\pdftex.map...
2026-09-06 01:30:45,011+0800 INFO  miktex - running: miktex-fc-cache --miktex-disable-maintenance --miktex-disable-diagnose
2026-09-06 01:30:45,012+0800 INFO  miktex.core - start process: miktex-fc-cache --miktex-disable-maintenance --miktex-disable-diagnose
2026-09-06 01:30:45,413+0800 WARN  miktex.core - still open: C:\Users\99097\Documents\GitHub\RCEP\.tools\miktex\texmfs\install\fontconfig/config\fonts.conf.in
2026-09-06 01:30:45,413+0800 WARN  miktex.core - still open: C:\Users\99097\Documents\GitHub\RCEP\.tools\miktex\texmfs/config\fontconfig\config\fonts.conf
2026-09-06 01:30:45,414+0800 INFO  miktex - this process (8072) finishes with exit code 0
2026-09-06 01:30:47,839+0800 INFO  miktex - this is One MiKTeX Utility 1.12 (MiKTeX 26.5 Portable)
2026-09-06 01:30:47,839+0800 INFO  miktex - this process (2084) started by xelatex in directory C:\Users\99097\Documents\GitHub\RCEP\main with command line: miktex fontmaps configure
2026-09-06 01:30:47,839+0800 INFO  miktex - Parsing configuration file C:\Users\99097\Documents\GitHub\RCEP\.tools\miktex\texmfs\install\miktex/config\updmap.cfg...
2026-09-06 01:30:47,921+0800 INFO  miktex - Writing C:\Users\99097\Documents\GitHub\RCEP\.tools\miktex\texmfs/data\fonts\map\dvipdfmx\kanjix.map...
2026-09-06 01:30:47,922+0800 INFO  miktex - Writing C:\Users\99097\Documents\GitHub\RCEP\.tools\miktex\texmfs/data\fonts\map\dvips\builtin35.map...
2026-09-06 01:30:47,925+0800 INFO  miktex - Writing C:\Users\99097\Documents\GitHub\RCEP\.tools\miktex\texmfs/data\fonts\map\dvips\download35.map...
2026-09-06 01:30:47,928+0800 INFO  miktex - Writing C:\Users\99097\Documents\GitHub\RCEP\.tools\miktex\texmfs/data\fonts\map\dvips\ps2pk.map...
2026-09-06 01:30:47,934+0800 INFO  miktex - Writing C:\Users\99097\Documents\GitHub\RCEP\.tools\miktex\texmfs/data\fonts\map\dvips\psfonts_pk.map...
2026-09-06 01:30:47,940+0800 INFO  miktex - Writing C:\Users\99097\Documents\GitHub\RCEP\.tools\miktex\texmfs/data\fonts\map\dvips\psfonts_t1.map...
2026-09-06 01:30:47,960+0800 INFO  miktex - Writing C:\Users\99097\Documents\GitHub\RCEP\.tools\miktex\texmfs/data\fonts\map\pdftex\pdftex_dl14.map...
2026-09-06 01:30:47,966+0800 INFO  miktex - Writing C:\Users\99097\Documents\GitHub\RCEP\.tools\miktex\texmfs/data\fonts\map\pdftex\pdftex_ndl14.map...
2026-09-06 01:30:47,975+0800 INFO  miktex - Copying C:\Users\99097\Documents\GitHub\RCEP\.tools\miktex\texmfs/data\fonts\map\dvips\psfonts_t1.map
2026-09-06 01:30:47,975+0800 INFO  miktex -      to C:\Users\99097\Documents\GitHub\RCEP\.tools\miktex\texmfs/data\fonts\map\dvips\psfonts.map...
2026-09-06 01:30:47,977+0800 INFO  miktex - Copying C:\Users\99097\Documents\GitHub\RCEP\.tools\miktex\texmfs/data\fonts\map\pdftex\pdftex_dl14.map
2026-09-06 01:30:47,977+0800 INFO  miktex -      to C:\Users\99097\Documents\GitHub\RCEP\.tools\miktex\texmfs/data\fonts\map\pdftex\pdftex.map...
2026-09-06 01:30:47,984+0800 INFO  miktex - running: miktex-fc-cache --miktex-disable-maintenance --miktex-disable-diagnose
2026-09-06 01:30:47,984+0800 INFO  miktex.core - start process: miktex-fc-cache --miktex-disable-maintenance --miktex-disable-diagnose
2026-09-06 01:30:48,401+0800 WARN  miktex.core - still open: C:\Users\99097\Documents\GitHub\RCEP\.tools\miktex\texmfs\install\fontconfig/config\fonts.conf.in
2026-09-06 01:30:48,401+0800 WARN  miktex.core - still open: C:\Users\99097\Documents\GitHub\RCEP\.tools\miktex\texmfs/config\fontconfig\config\fonts.conf
2026-09-06 01:30:48,401+0800 INFO  miktex - this process (2084) finishes with exit code 0
2026-09-06 01:32:34,811+0800 INFO  miktex - this is One MiKTeX Utility 1.12 (MiKTeX 26.5 Portable)
2026-09-06 01:32:34,811+0800 INFO  miktex - this process (12876) started by xelatex in directory C:\Users\99097\Documents\GitHub\RCEP\main with command line: miktex fontmaps configure
2026-09-06 01:32:34,812+0800 INFO  miktex - Parsing configuration file C:\Users\99097\Documents\GitHub\RCEP\.tools\miktex\texmfs\install\miktex/config\updmap.cfg...
2026-09-06 01:32:34,896+0800 INFO  miktex - Writing C:\Users\99097\Documents\GitHub\RCEP\.tools\miktex\texmfs/data\fonts\map\dvipdfmx\kanjix.map...
2026-09-06 01:32:34,897+0800 INFO  miktex - Writing C:\Users\99097\Documents\GitHub\RCEP\.tools\miktex\texmfs/data\fonts\map\dvips\builtin35.map...
2026-09-06 01:32:34,899+0800 INFO  miktex - Writing C:\Users\99097\Documents\GitHub\RCEP\.tools\miktex\texmfs/data\fonts\map\dvips\download35.map...
2026-09-06 01:32:34,902+0800 INFO  miktex - Writing C:\Users\99097\Documents\GitHub\RCEP\.tools\miktex\texmfs/data\fonts\map\dvips\ps2pk.map...
2026-09-06 01:32:34,909+0800 INFO  miktex - Writing C:\Users\99097\Documents\GitHub\RCEP\.tools\miktex\texmfs/data\fonts\map\dvips\psfonts_pk.map...
2026-09-06 01:32:34,914+0800 INFO  miktex - Writing C:\Users\99097\Documents\GitHub\RCEP\.tools\miktex\texmfs/data\fonts\map\dvips\psfonts_t1.map...
2026-09-06 01:32:34,921+0800 INFO  miktex - Writing C:\Users\99097\Documents\GitHub\RCEP\.tools\miktex\texmfs/data\fonts\map\pdftex\pdftex_dl14.map...
2026-09-06 01:32:34,928+0800 INFO  miktex - Writing C:\Users\99097\Documents\GitHub\RCEP\.tools\miktex\texmfs/data\fonts\map\pdftex\pdftex_ndl14.map...
2026-09-06 01:32:34,938+0800 INFO  miktex - Copying C:\Users\99097\Documents\GitHub\RCEP\.tools\miktex\texmfs/data\fonts\map\dvips\psfonts_t1.map
2026-09-06 01:32:34,938+0800 INFO  miktex -      to C:\Users\99097\Documents\GitHub\RCEP\.tools\miktex\texmfs/data\fonts\map\dvips\psfonts.map...
2026-09-06 01:32:34,940+0800 INFO  miktex - Copying C:\Users\99097\Documents\GitHub\RCEP\.tools\miktex\texmfs/data\fonts\map\pdftex\pdftex_dl14.map
2026-09-06 01:32:34,940+0800 INFO  miktex -      to C:\Users\99097\Documents\GitHub\RCEP\.tools\miktex\texmfs/data\fonts\map\pdftex\pdftex.map...
2026-09-06 01:32:34,947+0800 INFO  miktex - running: miktex-fc-cache --miktex-disable-maintenance --miktex-disable-diagnose
2026-09-06 01:32:34,947+0800 INFO  miktex.core - start process: miktex-fc-cache --miktex-disable-maintenance --miktex-disable-diagnose
2026-09-06 01:32:35,363+0800 WARN  miktex.core - still open: C:\Users\99097\Documents\GitHub\RCEP\.tools\miktex\texmfs\install\fontconfig/config\fonts.conf.in
2026-09-06 01:32:35,363+0800 WARN  miktex.core - still open: C:\Users\99097\Documents\GitHub\RCEP\.tools\miktex\texmfs/config\fontconfig\config\fonts.conf
2026-09-06 01:32:35,363+0800 INFO  miktex - this process (12876) finishes with exit code 0
